Archive member included to satisfy reference by file (symbol)

/home/yiyu/gcc-arm-none-eabi-10.3-2021.10/bin/../lib/gcc/arm-none-eabi/10.3.1/../../../../arm-none-eabi/lib/thumb/v6-m/nofp/libc_nano.a(lib_a-errno.o)
                              build/sysmem.o (__errno)
/home/yiyu/gcc-arm-none-eabi-10.3-2021.10/bin/../lib/gcc/arm-none-eabi/10.3.1/../../../../arm-none-eabi/lib/thumb/v6-m/nofp/libc_nano.a(lib_a-exit.o)
                              /home/yiyu/gcc-arm-none-eabi-10.3-2021.10/bin/../lib/gcc/arm-none-eabi/10.3.1/../../../../arm-none-eabi/lib/thumb/v6-m/nofp/crt0.o (exit)
/home/yiyu/gcc-arm-none-eabi-10.3-2021.10/bin/../lib/gcc/arm-none-eabi/10.3.1/../../../../arm-none-eabi/lib/thumb/v6-m/nofp/libc_nano.a(lib_a-impure.o)
                              /home/yiyu/gcc-arm-none-eabi-10.3-2021.10/bin/../lib/gcc/arm-none-eabi/10.3.1/../../../../arm-none-eabi/lib/thumb/v6-m/nofp/libc_nano.a(lib_a-exit.o) (_global_impure_ptr)
/home/yiyu/gcc-arm-none-eabi-10.3-2021.10/bin/../lib/gcc/arm-none-eabi/10.3.1/../../../../arm-none-eabi/lib/thumb/v6-m/nofp/libc_nano.a(lib_a-init.o)
                              /home/yiyu/gcc-arm-none-eabi-10.3-2021.10/bin/../lib/gcc/arm-none-eabi/10.3.1/../../../../arm-none-eabi/lib/thumb/v6-m/nofp/crt0.o (__libc_init_array)
/home/yiyu/gcc-arm-none-eabi-10.3-2021.10/bin/../lib/gcc/arm-none-eabi/10.3.1/../../../../arm-none-eabi/lib/thumb/v6-m/nofp/libc_nano.a(lib_a-memcpy-stub.o)
                              build/queue.o (memcpy)
/home/yiyu/gcc-arm-none-eabi-10.3-2021.10/bin/../lib/gcc/arm-none-eabi/10.3.1/../../../../arm-none-eabi/lib/thumb/v6-m/nofp/libc_nano.a(lib_a-memset.o)
                              /home/yiyu/gcc-arm-none-eabi-10.3-2021.10/bin/../lib/gcc/arm-none-eabi/10.3.1/../../../../arm-none-eabi/lib/thumb/v6-m/nofp/crt0.o (memset)
/home/yiyu/gcc-arm-none-eabi-10.3-2021.10/bin/../lib/gcc/arm-none-eabi/10.3.1/../../../../arm-none-eabi/lib/thumb/v6-m/nofp/libc_nano.a(lib_a-snprintf.o)
                              build/uart_thread.o (snprintf)
/home/yiyu/gcc-arm-none-eabi-10.3-2021.10/bin/../lib/gcc/arm-none-eabi/10.3.1/../../../../arm-none-eabi/lib/thumb/v6-m/nofp/libc_nano.a(lib_a-nano-svfprintf.o)
                              /home/yiyu/gcc-arm-none-eabi-10.3-2021.10/bin/../lib/gcc/arm-none-eabi/10.3.1/../../../../arm-none-eabi/lib/thumb/v6-m/nofp/libc_nano.a(lib_a-snprintf.o) (_svfprintf_r)
/home/yiyu/gcc-arm-none-eabi-10.3-2021.10/bin/../lib/gcc/arm-none-eabi/10.3.1/../../../../arm-none-eabi/lib/thumb/v6-m/nofp/libc_nano.a(lib_a-nano-vfprintf_i.o)
                              /home/yiyu/gcc-arm-none-eabi-10.3-2021.10/bin/../lib/gcc/arm-none-eabi/10.3.1/../../../../arm-none-eabi/lib/thumb/v6-m/nofp/libc_nano.a(lib_a-nano-svfprintf.o) (_printf_i)
/home/yiyu/gcc-arm-none-eabi-10.3-2021.10/bin/../lib/gcc/arm-none-eabi/10.3.1/../../../../arm-none-eabi/lib/thumb/v6-m/nofp/libc_nano.a(lib_a-memchr-stub.o)
                              /home/yiyu/gcc-arm-none-eabi-10.3-2021.10/bin/../lib/gcc/arm-none-eabi/10.3.1/../../../../arm-none-eabi/lib/thumb/v6-m/nofp/libc_nano.a(lib_a-nano-svfprintf.o) (memchr)
/home/yiyu/gcc-arm-none-eabi-10.3-2021.10/bin/../lib/gcc/arm-none-eabi/10.3.1/../../../../arm-none-eabi/lib/thumb/v6-m/nofp/libc_nano.a(lib_a-memmove.o)
                              /home/yiyu/gcc-arm-none-eabi-10.3-2021.10/bin/../lib/gcc/arm-none-eabi/10.3.1/../../../../arm-none-eabi/lib/thumb/v6-m/nofp/libc_nano.a(lib_a-nano-svfprintf.o) (memmove)
/home/yiyu/gcc-arm-none-eabi-10.3-2021.10/bin/../lib/gcc/arm-none-eabi/10.3.1/../../../../arm-none-eabi/lib/thumb/v6-m/nofp/libc_nano.a(lib_a-nano-freer.o)
                              /home/yiyu/gcc-arm-none-eabi-10.3-2021.10/bin/../lib/gcc/arm-none-eabi/10.3.1/../../../../arm-none-eabi/lib/thumb/v6-m/nofp/libc_nano.a(lib_a-nano-svfprintf.o) (_free_r)
/home/yiyu/gcc-arm-none-eabi-10.3-2021.10/bin/../lib/gcc/arm-none-eabi/10.3.1/../../../../arm-none-eabi/lib/thumb/v6-m/nofp/libc_nano.a(lib_a-nano-mallocr.o)
                              /home/yiyu/gcc-arm-none-eabi-10.3-2021.10/bin/../lib/gcc/arm-none-eabi/10.3.1/../../../../arm-none-eabi/lib/thumb/v6-m/nofp/libc_nano.a(lib_a-nano-svfprintf.o) (_malloc_r)
/home/yiyu/gcc-arm-none-eabi-10.3-2021.10/bin/../lib/gcc/arm-none-eabi/10.3.1/../../../../arm-none-eabi/lib/thumb/v6-m/nofp/libc_nano.a(lib_a-nano-reallocr.o)
                              /home/yiyu/gcc-arm-none-eabi-10.3-2021.10/bin/../lib/gcc/arm-none-eabi/10.3.1/../../../../arm-none-eabi/lib/thumb/v6-m/nofp/libc_nano.a(lib_a-nano-svfprintf.o) (_realloc_r)
/home/yiyu/gcc-arm-none-eabi-10.3-2021.10/bin/../lib/gcc/arm-none-eabi/10.3.1/../../../../arm-none-eabi/lib/thumb/v6-m/nofp/libc_nano.a(lib_a-sbrkr.o)
                              /home/yiyu/gcc-arm-none-eabi-10.3-2021.10/bin/../lib/gcc/arm-none-eabi/10.3.1/../../../../arm-none-eabi/lib/thumb/v6-m/nofp/libc_nano.a(lib_a-nano-mallocr.o) (_sbrk_r)
[...]
Memory Configuration

Name             Origin             Length             Attributes
RAM              0x0000000020000000 0x0000000000009000 xrw
FLASH            0x0000000008000000 0x0000000000010000 xr
*default*        0x0000000000000000 0xffffffffffffffff

Linker script and memory map

LOAD /home/yiyu/gcc-arm-none-eabi-10.3-2021.10/bin/../lib/gcc/arm-none-eabi/10.3.1/thumb/v6-m/nofp/crti.o
LOAD /home/yiyu/gcc-arm-none-eabi-10.3-2021.10/bin/../lib/gcc/arm-none-eabi/10.3.1/thumb/v6-m/nofp/crtbegin.o
LOAD /home/yiyu/gcc-arm-none-eabi-10.3-2021.10/bin/../lib/gcc/arm-none-eabi/10.3.1/../../../../arm-none-eabi/lib/thumb/v6-m/nofp/crt0.o
LOAD build/main.o
LOAD build/gpio.o
LOAD build/app_freertos.o
LOAD build/crc.o
LOAD build/dma.o
LOAD build/tim.o
LOAD build/usart.o
LOAD build/stm32g0xx_it.o
LOAD build/stm32g0xx_hal_msp.o
LOAD build/stm32g0xx_hal_timebase_tim.o
LOAD build/stm32g0xx_hal_crc.o
LOAD build/stm32g0xx_hal_crc_ex.o
LOAD build/stm32g0xx_hal_rcc.o
LOAD build/stm32g0xx_hal_rcc_ex.o
LOAD build/stm32g0xx_ll_rcc.o
LOAD build/stm32g0xx_hal_flash.o
LOAD build/stm32g0xx_hal_flash_ex.o
LOAD build/stm32g0xx_hal_gpio.o
LOAD build/stm32g0xx_hal_dma.o
LOAD build/stm32g0xx_hal_dma_ex.o
LOAD build/stm32g0xx_ll_dma.o
LOAD build/stm32g0xx_hal_pwr.o
LOAD build/stm32g0xx_hal_pwr_ex.o
LOAD build/stm32g0xx_hal_cortex.o
LOAD build/stm32g0xx_hal.o
LOAD build/stm32g0xx_hal_exti.o
LOAD build/stm32g0xx_hal_tim.o
LOAD build/stm32g0xx_hal_tim_ex.o
LOAD build/stm32g0xx_hal_uart.o
LOAD build/stm32g0xx_hal_uart_ex.o
LOAD build/system_stm32g0xx.o
LOAD build/croutine.o
LOAD build/event_groups.o
LOAD build/list.o
LOAD build/queue.o
LOAD build/stream_buffer.o
LOAD build/tasks.o
LOAD build/timers.o
LOAD build/cmsis_os.o
LOAD build/heap_4.o
LOAD build/port.o
LOAD build/sysmem.o
LOAD build/syscalls.o
LOAD build/debug.o
LOAD build/uart_thread.o
LOAD build/main_thread.o
LOAD build/lp262_thread.o
LOAD build/fsm.o
LOAD build/startup_stm32g071xx.o
LOAD /home/yiyu/gcc-arm-none-eabi-10.3-2021.10/bin/../lib/gcc/arm-none-eabi/10.3.1/../../../../arm-none-eabi/lib/thumb/v6-m/nofp/libc_nano.a
LOAD /home/yiyu/gcc-arm-none-eabi-10.3-2021.10/bin/../lib/gcc/arm-none-eabi/10.3.1/../../../../arm-none-eabi/lib/thumb/v6-m/nofp/libm.a
LOAD /home/yiyu/gcc-arm-none-eabi-10.3-2021.10/bin/../lib/gcc/arm-none-eabi/10.3.1/../../../../arm-none-eabi/lib/thumb/v6-m/nofp/libnosys.a
START GROUP
LOAD /home/yiyu/gcc-arm-none-eabi-10.3-2021.10/bin/../lib/gcc/arm-none-eabi/10.3.1/thumb/v6-m/nofp/libgcc.a
LOAD /home/yiyu/gcc-arm-none-eabi-10.3-2021.10/bin/../lib/gcc/arm-none-eabi/10.3.1/../../../../arm-none-eabi/lib/thumb/v6-m/nofp/libc_nano.a
END GROUP
START GROUP
LOAD /home/yiyu/gcc-arm-none-eabi-10.3-2021.10/bin/../lib/gcc/arm-none-eabi/10.3.1/thumb/v6-m/nofp/libgcc.a
LOAD /home/yiyu/gcc-arm-none-eabi-10.3-2021.10/bin/../lib/gcc/arm-none-eabi/10.3.1/../../../../arm-none-eabi/lib/thumb/v6-m/nofp/libc_nano.a
END GROUP
LOAD /home/yiyu/gcc-arm-none-eabi-10.3-2021.10/bin/../lib/gcc/arm-none-eabi/10.3.1/thumb/v6-m/nofp/crtend.o
LOAD /home/yiyu/gcc-arm-none-eabi-10.3-2021.10/bin/../lib/gcc/arm-none-eabi/10.3.1/thumb/v6-m/nofp/crtn.o
                0x0000000020009000                _estack = (ORIGIN (RAM) + LENGTH (RAM))
                0x0000000000000200                _Min_Heap_Size = 0x200
                0x0000000000000400                _Min_Stack_Size = 0x400

.isr_vector     0x0000000008000000       0xbc
                0x0000000008000000                . = ALIGN (0x4)
 *(.isr_vector)
 .isr_vector    0x0000000008000000       0xbc build/startup_stm32g071xx.o
                0x0000000008000000                g_pfnVectors
                0x00000000080000bc                . = ALIGN (0x4)

.text           0x00000000080000c0     0x5530
                0x00000000080000c0                . = ALIGN (0x4)
 *(.text)
 .text          0x00000000080000c0       0x48 /home/yiyu/gcc-arm-none-eabi-10.3-2021.10/bin/../lib/gcc/arm-none-eabi/10.3.1/thumb/v6-m/nofp/crtbegin.o
 .text          0x0000000008000108      0x114 /home/yiyu/gcc-arm-none-eabi-10.3-2021.10/bin/../lib/gcc/arm-none-eabi/10.3.1/thumb/v6-m/nofp/libgcc.a(_udivsi3.o)
                0x0000000008000108                __udivsi3
                0x0000000008000108                __aeabi_uidiv
                0x0000000008000214                __aeabi_uidivmod
 .text          0x000000000800021c      0x1d4 /home/yiyu/gcc-arm-none-eabi-10.3-2021.10/bin/../lib/gcc/arm-none-eabi/10.3.1/thumb/v6-m/nofp/libgcc.a(_divsi3.o)
                0x000000000800021c                __aeabi_idiv
                0x000000000800021c                __divsi3
                0x00000000080003e8                __aeabi_idivmod
 .text          0x00000000080003f0        0x4 /home/yiyu/gcc-arm-none-eabi-10.3-2021.10/bin/../lib/gcc/arm-none-eabi/10.3.1/thumb/v6-m/nofp/libgcc.a(_dvmd_tls.o)
                0x00000000080003f0                __aeabi_ldiv0
                0x00000000080003f0                __aeabi_idiv0
 .text          0x00000000080003f4       0x40 /home/yiyu/gcc-arm-none-eabi-10.3-2021.10/bin/../lib/gcc/arm-none-eabi/10.3.1/thumb/v6-m/nofp/libgcc.a(_aeabi_uldivmod.o)
                0x00000000080003f4                __aeabi_uldivmod
 .text          0x0000000008000434      0x198 /home/yiyu/gcc-arm-none-eabi-10.3-2021.10/bin/../lib/gcc/arm-none-eabi/10.3.1/thumb/v6-m/nofp/libgcc.a(_udivmoddi4.o)
                0x0000000008000434                __udivmoddi4
 .text          0x00000000080005cc       0x18 /home/yiyu/gcc-arm-none-eabi-10.3-2021.10/bin/../lib/gcc/arm-none-eabi/10.3.1/thumb/v6-m/nofp/libgcc.a(_clzdi2.o)
                0x00000000080005cc                __clzdi2
 .text          0x00000000080005e4       0x3c /home/yiyu/gcc-arm-none-eabi-10.3-2021.10/bin/../lib/gcc/arm-none-eabi/10.3.1/thumb/v6-m/nofp/libgcc.a(_clzsi2.o)
                0x00000000080005e4                __clzsi2
 *(.text*)
 .text.HAL_TIM_PeriodElapsedCallback
                0x0000000008000620       0x14 build/main.o
                0x0000000008000620                HAL_TIM_PeriodElapsedCallback
 .text.Error_Handler
                0x0000000008000634        0x4 build/main.o
                0x0000000008000634                Error_Handler
 .text.SystemClock_Config
                0x0000000008000638       0x7e build/main.o
                0x0000000008000638                SystemClock_Config
 .text.main     0x00000000080006b6       0x2c build/main.o
                0x00000000080006b6                main
 .text.assert_failed
                0x00000000080006e2        0x2 build/main.o
                0x00000000080006e2                assert_failed
 .text.MX_GPIO_Init
                0x00000000080006e4      0x130 build/gpio.o
                0x00000000080006e4                MX_GPIO_Init
 .text.vApplicationStackOverflowHook
                0x0000000008000814        0x2 build/app_freertos.o
                0x0000000008000814                vApplicationStackOverflowHook
 *fill*         0x0000000008000816        0x2 
 .text.MX_CRC_Init
                0x0000000008000818       0x30 build/crc.o
                0x0000000008000818                MX_CRC_Init
 .text.HAL_CRC_MspInit
                0x0000000008000848       0x2c build/crc.o
                0x0000000008000848                HAL_CRC_MspInit
 .text.MX_DMA_Init
                0x0000000008000874       0x50 build/dma.o
                0x0000000008000874                MX_DMA_Init
 .text.MX_TIM1_Init
                0x00000000080008c4       0x80 build/tim.o
                0x00000000080008c4                MX_TIM1_Init
 .text.HAL_TIM_Base_MspInit
                0x0000000008000944       0x50 build/tim.o
                0x0000000008000944                HAL_TIM_Base_MspInit
 .text.MX_USART1_UART_Init
                0x0000000008000994       0x94 build/usart.o
                0x0000000008000994                MX_USART1_UART_Init
 .text.MX_USART2_UART_Init
                0x0000000008000a28       0x94 build/usart.o
                0x0000000008000a28                MX_USART2_UART_Init
 .text.MX_USART3_UART_Init
                0x0000000008000abc       0x60 build/usart.o
                0x0000000008000abc                MX_USART3_UART_Init
 .text.MX_USART4_UART_Init
                0x0000000008000b1c       0x60 build/usart.o
                0x0000000008000b1c                MX_USART4_UART_Init
 .text.HAL_UART_MspInit
                0x0000000008000b7c      0x2b4 build/usart.o
                0x0000000008000b7c                HAL_UART_MspInit
 .text.NMI_Handler
                0x0000000008000e30        0x2 build/stm32g0xx_it.o
                0x0000000008000e30                NMI_Handler
 .text.HardFault_Handler
                0x0000000008000e32        0x2 build/stm32g0xx_it.o
                0x0000000008000e32                HardFault_Handler
 .text.DMA1_Channel1_IRQHandler
                0x0000000008000e34       0x10 build/stm32g0xx_it.o
                0x0000000008000e34                DMA1_Channel1_IRQHandler
 .text.DMA1_Channel2_3_IRQHandler
                0x0000000008000e44       0x18 build/stm32g0xx_it.o
                0x0000000008000e44                DMA1_Channel2_3_IRQHandler
 .text.DMA1_Ch4_7_DMAMUX1_OVR_IRQHandler
                0x0000000008000e5c       0x10 build/stm32g0xx_it.o
                0x0000000008000e5c                DMA1_Ch4_7_DMAMUX1_OVR_IRQHandler
 .text.TIM2_IRQHandler
                0x0000000008000e6c       0x10 build/stm32g0xx_it.o
                0x0000000008000e6c                TIM2_IRQHandler
 .text.USART1_IRQHandler
                0x0000000008000e7c       0x10 build/stm32g0xx_it.o
                0x0000000008000e7c                USART1_IRQHandler
 .text.USART2_IRQHandler
                0x0000000008000e8c       0x10 build/stm32g0xx_it.o
                0x0000000008000e8c                USART2_IRQHandler
 .text.USART3_4_LPUART1_IRQHandler
                0x0000000008000e9c       0x18 build/stm32g0xx_it.o
                0x0000000008000e9c                USART3_4_LPUART1_IRQHandler
 .text.HAL_MspInit
                0x0000000008000eb4       0x44 build/stm32g0xx_hal_msp.o
                0x0000000008000eb4                HAL_MspInit
 .text.HAL_InitTick
                0x0000000008000ef8       0x9c build/stm32g0xx_hal_timebase_tim.o
                0x0000000008000ef8                HAL_InitTick
 .text.HAL_CRC_Init
                0x0000000008000f94      0x100 build/stm32g0xx_hal_crc.o
                0x0000000008000f94                HAL_CRC_Init
 .text.HAL_CRCEx_Polynomial_Set
                0x0000000008001094       0x8c build/stm32g0xx_hal_crc_ex.o
                0x0000000008001094                HAL_CRCEx_Polynomial_Set
 .text.HAL_RCC_OscConfig
                0x0000000008001120      0x690 build/stm32g0xx_hal_rcc.o
                0x0000000008001120                HAL_RCC_OscConfig
 .text.HAL_RCC_GetSysClockFreq
                0x00000000080017b0       0xb8 build/stm32g0xx_hal_rcc.o
                0x00000000080017b0                HAL_RCC_GetSysClockFreq
 .text.HAL_RCC_ClockConfig
                0x0000000008001868      0x260 build/stm32g0xx_hal_rcc.o
                0x0000000008001868                HAL_RCC_ClockConfig
 .text.HAL_RCC_GetHCLKFreq
                0x0000000008001ac8        0xc build/stm32g0xx_hal_rcc.o
                0x0000000008001ac8                HAL_RCC_GetHCLKFreq
 .text.HAL_RCC_GetPCLK1Freq
                0x0000000008001ad4       0x28 build/stm32g0xx_hal_rcc.o
                0x0000000008001ad4                HAL_RCC_GetPCLK1Freq
 .text.HAL_RCC_GetClockConfig
                0x0000000008001afc       0x60 build/stm32g0xx_hal_rcc.o
                0x0000000008001afc                HAL_RCC_GetClockConfig
 .text.HAL_RCCEx_PeriphCLKConfig
                0x0000000008001b5c      0x414 build/stm32g0xx_hal_rcc_ex.o
                0x0000000008001b5c                HAL_RCCEx_PeriphCLKConfig
 .text.HAL_GPIO_Init
                0x0000000008001f70      0x27c build/stm32g0xx_hal_gpio.o
                0x0000000008001f70                HAL_GPIO_Init
 .text.HAL_GPIO_WritePin
                0x00000000080021ec       0x38 build/stm32g0xx_hal_gpio.o
                0x00000000080021ec                HAL_GPIO_WritePin
 .text.DMA_SetConfig
                0x0000000008002224       0x48 build/stm32g0xx_hal_dma.o
 .text.DMA_CalcDMAMUXChannelBaseAndMask
                0x000000000800226c       0x38 build/stm32g0xx_hal_dma.o
 .text.DMA_CalcDMAMUXRequestGenBaseAndMask
                0x00000000080022a4       0x28 build/stm32g0xx_hal_dma.o
 .text.HAL_DMA_Init
                0x00000000080022cc      0x1e0 build/stm32g0xx_hal_dma.o
                0x00000000080022cc                HAL_DMA_Init
 .text.HAL_DMA_Start_IT
                0x00000000080024ac       0xc4 build/stm32g0xx_hal_dma.o
                0x00000000080024ac                HAL_DMA_Start_IT
 .text.HAL_DMA_Abort
                0x0000000008002570       0x80 build/stm32g0xx_hal_dma.o
                0x0000000008002570                HAL_DMA_Abort
 .text.HAL_DMA_Abort_IT
                0x00000000080025f0       0x80 build/stm32g0xx_hal_dma.o
                0x00000000080025f0                HAL_DMA_Abort_IT
 .text.HAL_DMA_IRQHandler
                0x0000000008002670       0xcc build/stm32g0xx_hal_dma.o
                0x0000000008002670                HAL_DMA_IRQHandler
 .text.HAL_PWREx_ControlVoltageScaling
                0x000000000800273c       0x78 build/stm32g0xx_hal_pwr_ex.o
                0x000000000800273c                HAL_PWREx_ControlVoltageScaling
 .text.HAL_NVIC_SetPriority
                0x00000000080027b4       0x78 build/stm32g0xx_hal_cortex.o
                0x00000000080027b4                HAL_NVIC_SetPriority
 .text.HAL_NVIC_EnableIRQ
                0x000000000800282c       0x2c build/stm32g0xx_hal_cortex.o
                0x000000000800282c                HAL_NVIC_EnableIRQ
 .text.HAL_Init
                0x0000000008002858       0x28 build/stm32g0xx_hal.o
                0x0000000008002858                HAL_Init
 .text.HAL_IncTick
                0x0000000008002880       0x18 build/stm32g0xx_hal.o
                0x0000000008002880                HAL_IncTick
 .text.HAL_GetTick
                0x0000000008002898        0xc build/stm32g0xx_hal.o
                0x0000000008002898                HAL_GetTick
 .text.HAL_SYSCFG_StrobeDBattpinsConfig
                0x00000000080028a4       0x44 build/stm32g0xx_hal.o
                0x00000000080028a4                HAL_SYSCFG_StrobeDBattpinsConfig
 .text.TIM_TI1_ConfigInputStage
                0x00000000080028e8       0x22 build/stm32g0xx_hal_tim.o
 *fill*         0x000000000800290a        0x2 
 .text.TIM_TI2_ConfigInputStage
                0x000000000800290c       0x28 build/stm32g0xx_hal_tim.o
 .text.TIM_ITRx_SetConfig
                0x0000000008002934       0x14 build/stm32g0xx_hal_tim.o
 .text.HAL_TIM_Base_Start_IT
                0x0000000008002948       0xd8 build/stm32g0xx_hal_tim.o
                0x0000000008002948                HAL_TIM_Base_Start_IT
 .text.HAL_TIM_OC_DelayElapsedCallback
                0x0000000008002a20        0x2 build/stm32g0xx_hal_tim.o
                0x0000000008002a20                HAL_TIM_OC_DelayElapsedCallback
 .text.HAL_TIM_IC_CaptureCallback
                0x0000000008002a22        0x2 build/stm32g0xx_hal_tim.o
                0x0000000008002a22                HAL_TIM_IC_CaptureCallback
 .text.HAL_TIM_PWM_PulseFinishedCallback
                0x0000000008002a24        0x2 build/stm32g0xx_hal_tim.o
                0x0000000008002a24                HAL_TIM_PWM_PulseFinishedCallback
 .text.HAL_TIM_TriggerCallback
                0x0000000008002a26        0x2 build/stm32g0xx_hal_tim.o
                0x0000000008002a26                HAL_TIM_TriggerCallback
 .text.HAL_TIM_IRQHandler
                0x0000000008002a28      0x160 build/stm32g0xx_hal_tim.o
                0x0000000008002a28                HAL_TIM_IRQHandler
 .text.TIM_Base_SetConfig
                0x0000000008002b88       0xb0 build/stm32g0xx_hal_tim.o
                0x0000000008002b88                TIM_Base_SetConfig
 .text.HAL_TIM_Base_Init
                0x0000000008002c38      0x15c build/stm32g0xx_hal_tim.o
                0x0000000008002c38                HAL_TIM_Base_Init
 .text.TIM_ETR_SetConfig
                0x0000000008002d94       0x18 build/stm32g0xx_hal_tim.o
                0x0000000008002d94                TIM_ETR_SetConfig
 .text.HAL_TIM_ConfigClockSource
                0x0000000008002dac      0x45c build/stm32g0xx_hal_tim.o
                0x0000000008002dac                HAL_TIM_ConfigClockSource
 .text.HAL_TIMEx_MasterConfigSynchronization
                0x0000000008003208      0x19c build/stm32g0xx_hal_tim_ex.o
                0x0000000008003208                HAL_TIMEx_MasterConfigSynchronization
 .text.HAL_TIMEx_CommutCallback
                0x00000000080033a4        0x2 build/stm32g0xx_hal_tim_ex.o
                0x00000000080033a4                HAL_TIMEx_CommutCallback
 .text.HAL_TIMEx_BreakCallback
                0x00000000080033a6        0x2 build/stm32g0xx_hal_tim_ex.o
                0x00000000080033a6                HAL_TIMEx_BreakCallback
 .text.HAL_TIMEx_Break2Callback
                0x00000000080033a8        0x2 build/stm32g0xx_hal_tim_ex.o
                0x00000000080033a8                HAL_TIMEx_Break2Callback
 *fill*         0x00000000080033aa        0x2 
 .text.UART_EndTxTransfer
                0x00000000080033ac       0x3c build/stm32g0xx_hal_uart.o
 .text.UART_EndRxTransfer
                0x00000000080033e8       0x64 build/stm32g0xx_hal_uart.o
 .text.UART_TxISR_8BIT
                0x000000000800344c       0x60 build/stm32g0xx_hal_uart.o
 .text.UART_TxISR_16BIT
                0x00000000080034ac       0x64 build/stm32g0xx_hal_uart.o
 .text.UART_TxISR_8BIT_FIFOEN
                0x0000000008003510       0x78 build/stm32g0xx_hal_uart.o
 .text.UART_TxISR_16BIT_FIFOEN
                0x0000000008003588       0x7c build/stm32g0xx_hal_uart.o
 .text.HAL_UART_Transmit_IT
                0x0000000008003604       0xd0 build/stm32g0xx_hal_uart.o
                0x0000000008003604                HAL_UART_Transmit_IT
 .text.UART_EndTransmit_IT
                0x00000000080036d4       0x2a build/stm32g0xx_hal_uart.o
 .text.HAL_UART_RxHalfCpltCallback
                0x00000000080036fe        0x2 build/stm32g0xx_hal_uart.o
                0x00000000080036fe                HAL_UART_RxHalfCpltCallback
 .text.UART_DMAError
                0x0000000008003700       0x52 build/stm32g0xx_hal_uart.o
 .text.UART_DMAAbortOnError
                0x0000000008003752       0x14 build/stm32g0xx_hal_uart.o
 .text.HAL_UARTEx_RxEventCallback
                0x0000000008003766        0x2 build/stm32g0xx_hal_uart.o
                0x0000000008003766                HAL_UARTEx_RxEventCallback
 .text.HAL_UART_IRQHandler
                0x0000000008003768      0x320 build/stm32g0xx_hal_uart.o
                0x0000000008003768                HAL_UART_IRQHandler
 .text.UART_RxISR_8BIT
                0x0000000008003a88       0xe4 build/stm32g0xx_hal_uart.o
 .text.UART_RxISR_16BIT
                0x0000000008003b6c       0xe4 build/stm32g0xx_hal_uart.o
 .text.UART_RxISR_8BIT_FIFOEN
                0x0000000008003c50      0x1e0 build/stm32g0xx_hal_uart.o
 .text.UART_RxISR_16BIT_FIFOEN
                0x0000000008003e30      0x1e4 build/stm32g0xx_hal_uart.o
 .text.UART_DMARxHalfCplt
                0x0000000008004014       0x20 build/stm32g0xx_hal_uart.o
 .text.UART_DMAReceiveCplt
                0x0000000008004034       0x98 build/stm32g0xx_hal_uart.o
 .text.UART_SetConfig
                0x00000000080040cc      0x460 build/stm32g0xx_hal_uart.o
                0x00000000080040cc                UART_SetConfig
 .text.UART_AdvFeatureConfig
                0x000000000800452c      0x234 build/stm32g0xx_hal_uart.o
                0x000000000800452c                UART_AdvFeatureConfig
 .text.UART_WaitOnFlagUntilTimeout
                0x0000000008004760       0x9e build/stm32g0xx_hal_uart.o
                0x0000000008004760                UART_WaitOnFlagUntilTimeout
 .text.HAL_UART_Transmit
                0x00000000080047fe       0xfc build/stm32g0xx_hal_uart.o
                0x00000000080047fe                HAL_UART_Transmit
 *fill*         0x00000000080048fa        0x2 
 .text.UART_CheckIdleState
                0x00000000080048fc       0xd4 build/stm32g0xx_hal_uart.o
                0x00000000080048fc                UART_CheckIdleState
 .text.HAL_UART_Init
                0x00000000080049d0       0xe8 build/stm32g0xx_hal_uart.o
                0x00000000080049d0                HAL_UART_Init
 .text.UART_Start_Receive_IT
                0x0000000008004ab8      0x164 build/stm32g0xx_hal_uart.o
                0x0000000008004ab8                UART_Start_Receive_IT
 .text.HAL_UART_Receive_IT
                0x0000000008004c1c       0x6c build/stm32g0xx_hal_uart.o
                0x0000000008004c1c                HAL_UART_Receive_IT
 .text.UART_Start_Receive_DMA
                0x0000000008004c88       0xb4 build/stm32g0xx_hal_uart.o
                0x0000000008004c88                UART_Start_Receive_DMA
 .text.HAL_UART_Receive_DMA
                0x0000000008004d3c       0x6c build/stm32g0xx_hal_uart.o
                0x0000000008004d3c                HAL_UART_Receive_DMA
 .text.UARTEx_SetNbDataToProcess
                0x0000000008004da8       0x50 build/stm32g0xx_hal_uart_ex.o
 .text.HAL_UARTEx_WakeupCallback
                0x0000000008004df8        0x2 build/stm32g0xx_hal_uart_ex.o
                0x0000000008004df8                HAL_UARTEx_WakeupCallback
 .text.HAL_UARTEx_RxFifoFullCallback
                0x0000000008004dfa        0x2 build/stm32g0xx_hal_uart_ex.o
                0x0000000008004dfa                HAL_UARTEx_RxFifoFullCallback
 .text.HAL_UARTEx_TxFifoEmptyCallback
                0x0000000008004dfc        0x2 build/stm32g0xx_hal_uart_ex.o
                0x0000000008004dfc                HAL_UARTEx_TxFifoEmptyCallback
 *fill*         0x0000000008004dfe        0x2 
 .text.HAL_UARTEx_EnableFifoMode
                0x0000000008004e00       0x74 build/stm32g0xx_hal_uart_ex.o
                0x0000000008004e00                HAL_UARTEx_EnableFifoMode
 .text.HAL_UARTEx_SetTxFifoThreshold
                0x0000000008004e74       0xc0 build/stm32g0xx_hal_uart_ex.o
                0x0000000008004e74                HAL_UARTEx_SetTxFifoThreshold
 .text.HAL_UARTEx_SetRxFifoThreshold
                0x0000000008004f34       0xc4 build/stm32g0xx_hal_uart_ex.o
                0x0000000008004f34                HAL_UARTEx_SetRxFifoThreshold
 .text.SystemInit
                0x0000000008004ff8        0x2 build/system_stm32g0xx.o
                0x0000000008004ff8                SystemInit
 .text.vListInsertEnd
                0x0000000008004ffa       0x16 build/list.o
                0x0000000008004ffa                vListInsertEnd
 .text.uxListRemove
                0x0000000008005010       0x26 build/list.o
                0x0000000008005010                uxListRemove
 *fill*         0x0000000008005036        0x2 
 .text.prvResetNextTaskUnblockTime
                0x0000000008005038       0x2c build/tasks.o
 .text.xTaskIncrementTick
                0x0000000008005064      0x114 build/tasks.o
                0x0000000008005064                xTaskIncrementTick
 .text.vTaskSwitchContext
                0x0000000008005178       0xc8 build/tasks.o
                0x0000000008005178                vTaskSwitchContext
 .text.vTaskNotifyGiveFromISR
                0x0000000008005240       0xac build/tasks.o
                0x0000000008005240                vTaskNotifyGiveFromISR
 .text.SVC_Handler
                0x00000000080052ec        0x2 build/port.o
                0x00000000080052ec                SVC_Handler
 .text.ulSetInterruptMaskFromISR
                0x00000000080052ee        0x8 build/port.o
                0x00000000080052ee                ulSetInterruptMaskFromISR
 .text.vClearInterruptMaskFromISR
                0x00000000080052f6        0x6 build/port.o
                0x00000000080052f6                vClearInterruptMaskFromISR
 *fill*         0x00000000080052fc        0x4 
 .text.PendSV_Handler
                0x0000000008005300       0x44 build/port.o
                0x0000000008005300                PendSV_Handler
 .text.SysTick_Handler
                0x0000000008005344       0x24 build/port.o
                0x0000000008005344                SysTick_Handler
 .text.HAL_UART_ErrorCallback
                0x0000000008005368       0x94 build/uart_thread.o
                0x0000000008005368                HAL_UART_ErrorCallback
 .text.HAL_UART_TxCpltCallback
                0x00000000080053fc       0x84 build/uart_thread.o
                0x00000000080053fc                HAL_UART_TxCpltCallback
 .text.HAL_UART_RxCpltCallback
                0x0000000008005480       0xac build/uart_thread.o
                0x0000000008005480                HAL_UART_RxCpltCallback
 .text.Reset_Handler
                0x000000000800552c       0x50 build/startup_stm32g071xx.o
                0x000000000800552c                Reset_Handler
 .text.Default_Handler
                0x000000000800557c        0x2 build/startup_stm32g071xx.o
                0x000000000800557c                TIM1_CC_IRQHandler
                0x000000000800557c                ADC1_COMP_IRQHandler
                0x000000000800557c                PVD_IRQHandler
                0x000000000800557c                I2C1_IRQHandler
                0x000000000800557c                TIM7_LPTIM2_IRQHandler
                0x000000000800557c                RTC_TAMP_IRQHandler
                0x000000000800557c                SPI1_IRQHandler
                0x000000000800557c                EXTI2_3_IRQHandler
                0x000000000800557c                I2C2_IRQHandler
                0x000000000800557c                TIM17_IRQHandler
                0x000000000800557c                TIM16_IRQHandler
                0x000000000800557c                TIM3_IRQHandler
                0x000000000800557c                EXTI4_15_IRQHandler
                0x000000000800557c                RCC_IRQHandler
                0x000000000800557c                Default_Handler
                0x000000000800557c                CEC_IRQHandler
                0x000000000800557c                TIM14_IRQHandler
                0x000000000800557c                TIM15_IRQHandler
                0x000000000800557c                EXTI0_1_IRQHandler
                0x000000000800557c                SPI2_IRQHandler
                0x000000000800557c                TIM6_DAC_LPTIM1_IRQHandler
                0x000000000800557c                WWDG_IRQHandler
                0x000000000800557c                UCPD1_2_IRQHandler
                0x000000000800557c                FLASH_IRQHandler
                0x000000000800557c                TIM1_BRK_UP_TRG_COM_IRQHandler
 *fill*         0x000000000800557e        0x2 
 .text.__libc_init_array
                0x0000000008005580       0x48 /home/yiyu/gcc-arm-none-eabi-10.3-2021.10/bin/../lib/gcc/arm-none-eabi/10.3.1/../../../../arm-none-eabi/lib/thumb/v6-m/nofp/libc_nano.a(lib_a-init.o)
                0x0000000008005580                __libc_init_array
 .text.memset   0x00000000080055c8       0x10 /home/yiyu/gcc-arm-none-eabi-10.3-2021.10/bin/../lib/gcc/arm-none-eabi/10.3.1/../../../../arm-none-eabi/lib/thumb/v6-m/nofp/libc_nano.a(lib_a-memset.o)
                0x00000000080055c8                memset
 *(.glue_7)
 .glue_7        0x00000000080055d8        0x0 linker stubs
 *(.glue_7t)
 .glue_7t       0x00000000080055d8        0x0 linker stubs
 *(.eh_frame)
 .eh_frame      0x00000000080055d8        0x0 /home/yiyu/gcc-arm-none-eabi-10.3-2021.10/bin/../lib/gcc/arm-none-eabi/10.3.1/thumb/v6-m/nofp/crtbegin.o
 *(.init)
 .init          0x00000000080055d8        0x4 /home/yiyu/gcc-arm-none-eabi-10.3-2021.10/bin/../lib/gcc/arm-none-eabi/10.3.1/thumb/v6-m/nofp/crti.o
                0x00000000080055d8                _init
 .init          0x00000000080055dc        0x8 /home/yiyu/gcc-arm-none-eabi-10.3-2021.10/bin/../lib/gcc/arm-none-eabi/10.3.1/thumb/v6-m/nofp/crtn.o
 *(.fini)
 .fini          0x00000000080055e4        0x4 /home/yiyu/gcc-arm-none-eabi-10.3-2021.10/bin/../lib/gcc/arm-none-eabi/10.3.1/thumb/v6-m/nofp/crti.o
                0x00000000080055e4                _fini
 .fini          0x00000000080055e8        0x8 /home/yiyu/gcc-arm-none-eabi-10.3-2021.10/bin/../lib/gcc/arm-none-eabi/10.3.1/thumb/v6-m/nofp/crtn.o
                0x00000000080055f0                . = ALIGN (0x4)
                0x00000000080055f0                _etext = .

.vfp11_veneer   0x00000000080055f0        0x0
 .vfp11_veneer  0x00000000080055f0        0x0 linker stubs

.v4_bx          0x00000000080055f0        0x0
 .v4_bx         0x00000000080055f0        0x0 linker stubs

.iplt           0x00000000080055f0        0x0
 .iplt          0x00000000080055f0        0x0 /home/yiyu/gcc-arm-none-eabi-10.3-2021.10/bin/../lib/gcc/arm-none-eabi/10.3.1/thumb/v6-m/nofp/crtbegin.o

.rodata         0x00000000080055f0      0x3e0
                0x00000000080055f0                . = ALIGN (0x4)
 *(.rodata)
 *(.rodata*)
 .rodata.MX_USART1_UART_Init.str1.4
                0x00000000080055f0       0x20 build/usart.o
 .rodata.MX_USART2_UART_Init.str1.4
                0x0000000008005610       0x20 build/usart.o
 .rodata.MX_USART3_UART_Init.str1.4
                0x0000000008005630       0x1f build/usart.o
 *fill*         0x000000000800564f        0x1 
 .rodata.MX_USART4_UART_Init.str1.4
                0x0000000008005650       0x20 build/usart.o
 .rodata.HAL_CRC_Init.str1.4
                0x0000000008005670       0x35 build/stm32g0xx_hal_crc.o
 *fill*         0x00000000080056a5        0x3 
 .rodata.HAL_CRCEx_Polynomial_Set.str1.4
                0x00000000080056a8       0x38 build/stm32g0xx_hal_crc_ex.o
 .rodata.HAL_RCC_OscConfig.str1.4
                0x00000000080056e0       0x35 build/stm32g0xx_hal_rcc.o
 *fill*         0x0000000008005715        0x3 
 .rodata.HAL_RCCEx_PeriphCLKConfig.str1.4
                0x0000000008005718       0x38 build/stm32g0xx_hal_rcc_ex.o
 .rodata.HAL_GPIO_Init.str1.4
                0x0000000008005750       0x36 build/stm32g0xx_hal_gpio.o
 *fill*         0x0000000008005786        0x2 
 .rodata.HAL_DMA_Init.str1.4
                0x0000000008005788       0x35 build/stm32g0xx_hal_dma.o
 *fill*         0x00000000080057bd        0x3 
 .rodata.HAL_PWREx_EnableBatteryCharging.str1.4
                0x00000000080057c0       0x38 build/stm32g0xx_hal_pwr_ex.o
 .rodata.HAL_NVIC_SetPriority.str1.4
                0x00000000080057f8       0x38 build/stm32g0xx_hal_cortex.o
 .rodata.HAL_SetTickFreq.str1.4
                0x0000000008005830       0x31 build/stm32g0xx_hal.o
 *fill*         0x0000000008005861        0x3 
 .rodata.TIM_OC1_SetConfig.str1.4
                0x0000000008005864       0x35 build/stm32g0xx_hal_tim.o
 *fill*         0x0000000008005899        0x3 
 .rodata.HAL_TIMEx_HallSensor_Init.str1.4
                0x000000000800589c       0x38 build/stm32g0xx_hal_tim_ex.o
 .rodata.HAL_UART_DeInit.str1.4
                0x00000000080058d4       0x36 build/stm32g0xx_hal_uart.o
 *fill*         0x000000000800590a        0x2 
 .rodata.UARTPrescTable
                0x000000000800590c       0x18 build/stm32g0xx_hal_uart.o
                0x000000000800590c                UARTPrescTable
 .rodata.UARTEx_Wakeup_AddressConfig.str1.4
                0x0000000008005924       0x39 build/stm32g0xx_hal_uart_ex.o
 *fill*         0x000000000800595d        0x3 
 .rodata.denominator.0
                0x0000000008005960        0x8 build/stm32g0xx_hal_uart_ex.o
 .rodata.numerator.1
                0x0000000008005968        0x8 build/stm32g0xx_hal_uart_ex.o
 .rodata.AHBPrescTable
                0x0000000008005970       0x40 build/system_stm32g0xx.o
                0x0000000008005970                AHBPrescTable
 .rodata.APBPrescTable
                0x00000000080059b0       0x20 build/system_stm32g0xx.o
                0x00000000080059b0                APBPrescTable
                0x00000000080059d0                . = ALIGN (0x4)

.ARM.extab
 *(.ARM.extab* .gnu.linkonce.armextab.*)

.ARM            0x00000000080059d0        0x8
                0x00000000080059d0                __exidx_start = .
 *(.ARM.exidx*)
 .ARM.exidx     0x00000000080059d0        0x8 /home/yiyu/gcc-arm-none-eabi-10.3-2021.10/bin/../lib/gcc/arm-none-eabi/10.3.1/thumb/v6-m/nofp/libgcc.a(_udivmoddi4.o)
                0x00000000080059d8                __exidx_end = .

.rel.dyn        0x00000000080059d8        0x0
 .rel.iplt      0x00000000080059d8        0x0 /home/yiyu/gcc-arm-none-eabi-10.3-2021.10/bin/../lib/gcc/arm-none-eabi/10.3.1/thumb/v6-m/nofp/crtbegin.o

.preinit_array  0x00000000080059d8        0x0
                0x00000000080059d8                PROVIDE (__preinit_array_start = .)
 *(.preinit_array*)
                0x00000000080059d8                PROVIDE (__preinit_array_end = .)

.init_array     0x00000000080059d8        0x4
                0x00000000080059d8                PROVIDE (__init_array_start = .)
 *(SORT_BY_NAME(.init_array.*))
 *(.init_array*)
 .init_array    0x00000000080059d8        0x4 /home/yiyu/gcc-arm-none-eabi-10.3-2021.10/bin/../lib/gcc/arm-none-eabi/10.3.1/thumb/v6-m/nofp/crtbegin.o
                0x00000000080059dc                PROVIDE (__init_array_end = .)

.fini_array     0x00000000080059dc        0x4
                [!provide]                        PROVIDE (__fini_array_start = .)
 *(SORT_BY_NAME(.fini_array.*))
 *(.fini_array*)
 .fini_array    0x00000000080059dc        0x4 /home/yiyu/gcc-arm-none-eabi-10.3-2021.10/bin/../lib/gcc/arm-none-eabi/10.3.1/thumb/v6-m/nofp/crtbegin.o
                [!provide]                        PROVIDE (__fini_array_end = .)
                0x00000000080059e0                _sidata = LOADADDR (.data)

.data           0x0000000020000000       0x70 load address 0x00000000080059e0
                0x0000000020000000                . = ALIGN (0x4)
                0x0000000020000000                _sdata = .
 *(.data)
 *(.data*)
 .data.uwTickFreq
                0x0000000020000000        0x1 build/stm32g0xx_hal.o
                0x0000000020000000                uwTickFreq
 *fill*         0x0000000020000001        0x3 
 .data.uwTickPrio
                0x0000000020000004        0x4 build/stm32g0xx_hal.o
                0x0000000020000004                uwTickPrio
 .data.SystemCoreClock
                0x0000000020000008        0x4 build/system_stm32g0xx.o
                0x0000000020000008                SystemCoreClock
 .data._impure_ptr
                0x000000002000000c        0x4 /home/yiyu/gcc-arm-none-eabi-10.3-2021.10/bin/../lib/gcc/arm-none-eabi/10.3.1/../../../../arm-none-eabi/lib/thumb/v6-m/nofp/libc_nano.a(lib_a-impure.o)
                0x000000002000000c                _impure_ptr
 .data.impure_data
                0x0000000020000010       0x60 /home/yiyu/gcc-arm-none-eabi-10.3-2021.10/bin/../lib/gcc/arm-none-eabi/10.3.1/../../../../arm-none-eabi/lib/thumb/v6-m/nofp/libc_nano.a(lib_a-impure.o)
                0x0000000020000070                . = ALIGN (0x4)
                0x0000000020000070                _edata = .

.igot.plt       0x0000000020000070        0x0 load address 0x0000000008005a50
 .igot.plt      0x0000000020000070        0x0 /home/yiyu/gcc-arm-none-eabi-10.3-2021.10/bin/../lib/gcc/arm-none-eabi/10.3.1/thumb/v6-m/nofp/crtbegin.o
                0x0000000020000070                . = ALIGN (0x4)

.bss            0x0000000020000070      0x6b8 load address 0x0000000008005a50
                0x0000000020000070                _sbss = .
                0x0000000020000070                __bss_start__ = _sbss
 *(.bss)
 .bss           0x0000000020000070       0x1c /home/yiyu/gcc-arm-none-eabi-10.3-2021.10/bin/../lib/gcc/arm-none-eabi/10.3.1/thumb/v6-m/nofp/crtbegin.o
 *(.bss*)
 .bss.uart_threadHandle
                0x000000002000008c        0x4 build/app_freertos.o
                0x000000002000008c                uart_threadHandle
 .bss.hcrc      0x0000000020000090       0x24 build/crc.o
                0x0000000020000090                hcrc
 .bss.htim1     0x00000000200000b4       0x4c build/tim.o
                0x00000000200000b4                htim1
 .bss.hdma_usart1_rx
                0x0000000020000100       0x5c build/usart.o
                0x0000000020000100                hdma_usart1_rx
 .bss.hdma_usart1_tx
                0x000000002000015c       0x5c build/usart.o
                0x000000002000015c                hdma_usart1_tx
 .bss.hdma_usart2_rx
                0x00000000200001b8       0x5c build/usart.o
                0x00000000200001b8                hdma_usart2_rx
 .bss.hdma_usart2_tx
                0x0000000020000214       0x5c build/usart.o
                0x0000000020000214                hdma_usart2_tx
 .bss.huart1    0x0000000020000270       0x94 build/usart.o
                0x0000000020000270                huart1
 .bss.huart2    0x0000000020000304       0x94 build/usart.o
                0x0000000020000304                huart2
 .bss.huart3    0x0000000020000398       0x94 build/usart.o
                0x0000000020000398                huart3
 .bss.huart4    0x000000002000042c       0x94 build/usart.o
                0x000000002000042c                huart4
 .bss.htim2     0x00000000200004c0       0x4c build/stm32g0xx_hal_timebase_tim.o
                0x00000000200004c0                htim2
 .bss.uwTick    0x000000002000050c        0x4 build/stm32g0xx_hal.o
                0x000000002000050c                uwTick
 .bss.pxCurrentTCB
                0x0000000020000510        0x4 build/tasks.o
                0x0000000020000510                pxCurrentTCB
 .bss.pxDelayedTaskList
                0x0000000020000514        0x4 build/tasks.o
 .bss.pxOverflowDelayedTaskList
                0x0000000020000518        0x4 build/tasks.o
 .bss.pxReadyTasksLists
                0x000000002000051c       0x8c build/tasks.o
 .bss.uxSchedulerSuspended
                0x00000000200005a8        0x4 build/tasks.o
 .bss.uxTopReadyPriority
                0x00000000200005ac        0x4 build/tasks.o
 .bss.xNextTaskUnblockTime
                0x00000000200005b0        0x4 build/tasks.o
 .bss.xNumOfOverflows
                0x00000000200005b4        0x4 build/tasks.o
 .bss.xPendedTicks
                0x00000000200005b8        0x4 build/tasks.o
 .bss.xPendingReadyList
                0x00000000200005bc       0x14 build/tasks.o
 .bss.xTickCount
                0x00000000200005d0        0x4 build/tasks.o
 .bss.xYieldPending
                0x00000000200005d4        0x4 build/tasks.o
 .bss.__uart    0x00000000200005d8      0x150 build/uart_thread.o
 *(COMMON)
                0x0000000020000728                . = ALIGN (0x4)
                0x0000000020000728                _ebss = .
                0x0000000020000728                __bss_end__ = _ebss

._user_heap_stack
                0x0000000020000728      0x600 load address 0x0000000008005a50
                0x0000000020000728                . = ALIGN (0x8)
                [!provide]                        PROVIDE (end = .)
                0x0000000020000728                PROVIDE (_end = .)
                0x0000000020000928                . = (. + _Min_Heap_Size)
 *fill*         0x0000000020000728      0x200 
                0x0000000020000d28                . = (. + _Min_Stack_Size)
 *fill*         0x0000000020000928      0x400 
                0x0000000020000d28                . = ALIGN (0x8)

/DISCARD/
 libc.a(*)
 libm.a(*)
 libgcc.a(*)

.ARM.attributes
                0x0000000000000000       0x28
 *(.ARM.attributes)
 .ARM.attributes
                0x0000000000000000       0x1e /home/yiyu/gcc-arm-none-eabi-10.3-2021.10/bin/../lib/gcc/arm-none-eabi/10.3.1/thumb/v6-m/nofp/crti.o
 .ARM.attributes
                0x000000000000001e       0x2c /home/yiyu/gcc-arm-none-eabi-10.3-2021.10/bin/../lib/gcc/arm-none-eabi/10.3.1/thumb/v6-m/nofp/crtbegin.o
 .ARM.attributes
                0x000000000000004a       0x2c build/main.o
 .ARM.attributes
                0x0000000000000076       0x2c build/gpio.o
 .ARM.attributes
                0x00000000000000a2       0x2c build/app_freertos.o
 .ARM.attributes
                0x00000000000000ce       0x2c build/crc.o
 .ARM.attributes
                0x00000000000000fa       0x2c build/dma.o
 .ARM.attributes
                0x0000000000000126       0x2c build/tim.o
 .ARM.attributes
                0x0000000000000152       0x2c build/usart.o
 .ARM.attributes
                0x000000000000017e       0x2c build/stm32g0xx_it.o
 .ARM.attributes
                0x00000000000001aa       0x2c build/stm32g0xx_hal_msp.o
 .ARM.attributes
                0x00000000000001d6       0x2c build/stm32g0xx_hal_timebase_tim.o
 .ARM.attributes
                0x0000000000000202       0x2c build/stm32g0xx_hal_crc.o
 .ARM.attributes
                0x000000000000022e       0x2c build/stm32g0xx_hal_crc_ex.o
 .ARM.attributes
                0x000000000000025a       0x2c build/stm32g0xx_hal_rcc.o
 .ARM.attributes
                0x0000000000000286       0x2c build/stm32g0xx_hal_rcc_ex.o
 .ARM.attributes
                0x00000000000002b2       0x2c build/stm32g0xx_hal_gpio.o
 .ARM.attributes
                0x00000000000002de       0x2c build/stm32g0xx_hal_dma.o
 .ARM.attributes
                0x000000000000030a       0x2c build/stm32g0xx_hal_pwr_ex.o
 .ARM.attributes
                0x0000000000000336       0x2c build/stm32g0xx_hal_cortex.o
 .ARM.attributes
                0x0000000000000362       0x2c build/stm32g0xx_hal.o
 .ARM.attributes
                0x000000000000038e       0x2c build/stm32g0xx_hal_tim.o
 .ARM.attributes
                0x00000000000003ba       0x2c build/stm32g0xx_hal_tim_ex.o
 .ARM.attributes
                0x00000000000003e6       0x2c build/stm32g0xx_hal_uart.o
 .ARM.attributes
                0x0000000000000412       0x2c build/stm32g0xx_hal_uart_ex.o
 .ARM.attributes
                0x000000000000043e       0x2c build/system_stm32g0xx.o
 .ARM.attributes
                0x000000000000046a       0x2c build/list.o
 .ARM.attributes
                0x0000000000000496       0x2c build/tasks.o
 .ARM.attributes
                0x00000000000004c2       0x2c build/port.o
 .ARM.attributes
                0x00000000000004ee       0x2c build/uart_thread.o
 .ARM.attributes
                0x000000000000051a       0x22 build/startup_stm32g071xx.o
 .ARM.attributes
                0x000000000000053c       0x2c /home/yiyu/gcc-arm-none-eabi-10.3-2021.10/bin/../lib/gcc/arm-none-eabi/10.3.1/../../../../arm-none-eabi/lib/thumb/v6-m/nofp/libc_nano.a(lib_a-impure.o)
 .ARM.attributes
                0x0000000000000568       0x2c /home/yiyu/gcc-arm-none-eabi-10.3-2021.10/bin/../lib/gcc/arm-none-eabi/10.3.1/../../../../arm-none-eabi/lib/thumb/v6-m/nofp/libc_nano.a(lib_a-init.o)
 .ARM.attributes
                0x0000000000000594       0x2c /home/yiyu/gcc-arm-none-eabi-10.3-2021.10/bin/../lib/gcc/arm-none-eabi/10.3.1/../../../../arm-none-eabi/lib/thumb/v6-m/nofp/libc_nano.a(lib_a-memset.o)
 .ARM.attributes
                0x00000000000005c0       0x1e /home/yiyu/gcc-arm-none-eabi-10.3-2021.10/bin/../lib/gcc/arm-none-eabi/10.3.1/thumb/v6-m/nofp/libgcc.a(_udivsi3.o)
 .ARM.attributes
                0x00000000000005de       0x1e /home/yiyu/gcc-arm-none-eabi-10.3-2021.10/bin/../lib/gcc/arm-none-eabi/10.3.1/thumb/v6-m/nofp/libgcc.a(_divsi3.o)
 .ARM.attributes
                0x00000000000005fc       0x1e /home/yiyu/gcc-arm-none-eabi-10.3-2021.10/bin/../lib/gcc/arm-none-eabi/10.3.1/thumb/v6-m/nofp/libgcc.a(_dvmd_tls.o)
 .ARM.attributes
                0x000000000000061a       0x1e /home/yiyu/gcc-arm-none-eabi-10.3-2021.10/bin/../lib/gcc/arm-none-eabi/10.3.1/thumb/v6-m/nofp/libgcc.a(_aeabi_uldivmod.o)
 .ARM.attributes
                0x0000000000000638       0x2c /home/yiyu/gcc-arm-none-eabi-10.3-2021.10/bin/../lib/gcc/arm-none-eabi/10.3.1/thumb/v6-m/nofp/libgcc.a(_udivmoddi4.o)
 .ARM.attributes
                0x0000000000000664       0x1e /home/yiyu/gcc-arm-none-eabi-10.3-2021.10/bin/../lib/gcc/arm-none-eabi/10.3.1/thumb/v6-m/nofp/libgcc.a(_clzdi2.o)
 .ARM.attributes
                0x0000000000000682       0x1e /home/yiyu/gcc-arm-none-eabi-10.3-2021.10/bin/../lib/gcc/arm-none-eabi/10.3.1/thumb/v6-m/nofp/libgcc.a(_clzsi2.o)
 .ARM.attributes
                0x00000000000006a0       0x1e /home/yiyu/gcc-arm-none-eabi-10.3-2021.10/bin/../lib/gcc/arm-none-eabi/10.3.1/thumb/v6-m/nofp/crtn.o
OUTPUT(build/stm32g071.elf elf32-littlearm)
LOAD linker stubs
LOAD /home/yiyu/gcc-arm-none-eabi-10.3-2021.10/bin/../lib/gcc/arm-none-eabi/10.3.1/../../../../arm-none-eabi/lib/thumb/v6-m/nofp/libc.a
LOAD /home/yiyu/gcc-arm-none-eabi-10.3-2021.10/bin/../lib/gcc/arm-none-eabi/10.3.1/../../../../arm-none-eabi/lib/thumb/v6-m/nofp/libm.a
LOAD /home/yiyu/gcc-arm-none-eabi-10.3-2021.10/bin/../lib/gcc/arm-none-eabi/10.3.1/thumb/v6-m/nofp/libgcc.a

.debug_info     0x0000000000000000    0x21d78
 .debug_info    0x0000000000000000      0xca8 build/main.o
 .debug_info    0x0000000000000ca8      0x5db build/gpio.o
 .debug_info    0x0000000000001283      0x7b8 build/app_freertos.o
 .debug_info    0x0000000000001a3b      0x54e build/crc.o
 .debug_info    0x0000000000001f89      0x449 build/dma.o
 .debug_info    0x00000000000023d2      0xd96 build/tim.o
 .debug_info    0x0000000000003168     0x1645 build/usart.o
 .debug_info    0x00000000000047ad      0xe43 build/stm32g0xx_it.o
 .debug_info    0x00000000000055f0      0x40a build/stm32g0xx_hal_msp.o
 .debug_info    0x00000000000059fa      0xd57 build/stm32g0xx_hal_timebase_tim.o
 .debug_info    0x0000000000006751      0x778 build/stm32g0xx_hal_crc.o
 .debug_info    0x0000000000006ec9      0x43a build/stm32g0xx_hal_crc_ex.o
 .debug_info    0x0000000000007303     0x11d5 build/stm32g0xx_hal_rcc.o
 .debug_info    0x00000000000084d8      0xc14 build/stm32g0xx_hal_rcc_ex.o
 .debug_info    0x00000000000090ec      0x8cf build/stm32g0xx_hal_gpio.o
 .debug_info    0x00000000000099bb      0xc8d build/stm32g0xx_hal_dma.o
 .debug_info    0x000000000000a648      0xb09 build/stm32g0xx_hal_pwr_ex.o
 .debug_info    0x000000000000b151      0xdc5 build/stm32g0xx_hal_cortex.o
 .debug_info    0x000000000000bf16      0xd20 build/stm32g0xx_hal.o
 .debug_info    0x000000000000cc36     0x5ae7 build/stm32g0xx_hal_tim.o
 .debug_info    0x000000000001271d     0x2a06 build/stm32g0xx_hal_tim_ex.o
 .debug_info    0x0000000000015123     0x69a1 build/stm32g0xx_hal_uart.o
 .debug_info    0x000000000001bac4     0x1525 build/stm32g0xx_hal_uart_ex.o
 .debug_info    0x000000000001cfe9      0x3d4 build/system_stm32g0xx.o
 .debug_info    0x000000000001d3bd      0x30f build/list.o
 .debug_info    0x000000000001d6cc     0x26f4 build/tasks.o
 .debug_info    0x000000000001fdc0      0x35a build/port.o
 .debug_info    0x000000000002011a     0x1c3c build/uart_thread.o
 .debug_info    0x0000000000021d56       0x22 build/startup_stm32g071xx.o

.debug_abbrev   0x0000000000000000     0x40b4
 .debug_abbrev  0x0000000000000000      0x24e build/main.o
 .debug_abbrev  0x000000000000024e      0x17b build/gpio.o
 .debug_abbrev  0x00000000000003c9      0x1e1 build/app_freertos.o
 .debug_abbrev  0x00000000000005aa      0x1e7 build/crc.o
 .debug_abbrev  0x0000000000000791      0x141 build/dma.o
 .debug_abbrev  0x00000000000008d2      0x236 build/tim.o
 .debug_abbrev  0x0000000000000b08      0x25e build/usart.o
 .debug_abbrev  0x0000000000000d66      0x1a5 build/stm32g0xx_it.o
 .debug_abbrev  0x0000000000000f0b      0x155 build/stm32g0xx_hal_msp.o
 .debug_abbrev  0x0000000000001060      0x24d build/stm32g0xx_hal_timebase_tim.o
 .debug_abbrev  0x00000000000012ad      0x21d build/stm32g0xx_hal_crc.o
 .debug_abbrev  0x00000000000014ca      0x15b build/stm32g0xx_hal_crc_ex.o
 .debug_abbrev  0x0000000000001625      0x2b8 build/stm32g0xx_hal_rcc.o
 .debug_abbrev  0x00000000000018dd      0x27b build/stm32g0xx_hal_rcc_ex.o
 .debug_abbrev  0x0000000000001b58      0x232 build/stm32g0xx_hal_gpio.o
 .debug_abbrev  0x0000000000001d8a      0x286 build/stm32g0xx_hal_dma.o
 .debug_abbrev  0x0000000000002010      0x269 build/stm32g0xx_hal_pwr_ex.o
 .debug_abbrev  0x0000000000002279      0x354 build/stm32g0xx_hal_cortex.o
 .debug_abbrev  0x00000000000025cd      0x2a3 build/stm32g0xx_hal.o
 .debug_abbrev  0x0000000000002870      0x2ab build/stm32g0xx_hal_tim.o
 .debug_abbrev  0x0000000000002b1b      0x2a7 build/stm32g0xx_hal_tim_ex.o
 .debug_abbrev  0x0000000000002dc2      0x37a build/stm32g0xx_hal_uart.o
 .debug_abbrev  0x000000000000313c      0x354 build/stm32g0xx_hal_uart_ex.o
 .debug_abbrev  0x0000000000003490      0x145 build/system_stm32g0xx.o
 .debug_abbrev  0x00000000000035d5      0x124 build/list.o
 .debug_abbrev  0x00000000000036f9      0x3c5 build/tasks.o
 .debug_abbrev  0x0000000000003abe      0x1ec build/port.o
 .debug_abbrev  0x0000000000003caa      0x3f8 build/uart_thread.o
 .debug_abbrev  0x00000000000040a2       0x12 build/startup_stm32g071xx.o

.debug_loc      0x0000000000000000    0x1530a
 .debug_loc     0x0000000000000000       0xaf build/main.o
 .debug_loc     0x00000000000000af       0x39 build/gpio.o
 .debug_loc     0x00000000000000e8       0x72 build/app_freertos.o
 .debug_loc     0x000000000000015a       0x82 build/crc.o
 .debug_loc     0x00000000000001dc       0x2c build/dma.o
 .debug_loc     0x0000000000000208       0x98 build/tim.o
 .debug_loc     0x00000000000002a0      0x1c3 build/usart.o
 .debug_loc     0x0000000000000463       0xe0 build/stm32g0xx_it.o
 .debug_loc     0x0000000000000543       0x2c build/stm32g0xx_hal_msp.o
 .debug_loc     0x000000000000056f      0x154 build/stm32g0xx_hal_timebase_tim.o
 .debug_loc     0x00000000000006c3      0x65f build/stm32g0xx_hal_crc.o
 .debug_loc     0x0000000000000d22      0x350 build/stm32g0xx_hal_crc_ex.o
 .debug_loc     0x0000000000001072      0xa3c build/stm32g0xx_hal_rcc.o
 .debug_loc     0x0000000000001aae      0xad5 build/stm32g0xx_hal_rcc_ex.o
 .debug_loc     0x0000000000002583      0x746 build/stm32g0xx_hal_gpio.o
 .debug_loc     0x0000000000002cc9      0xa7c build/stm32g0xx_hal_dma.o
 .debug_loc     0x0000000000003745      0x699 build/stm32g0xx_hal_pwr_ex.o
 .debug_loc     0x0000000000003dde      0x706 build/stm32g0xx_hal_cortex.o
 .debug_loc     0x00000000000044e4      0x516 build/stm32g0xx_hal.o
 .debug_loc     0x00000000000049fa     0x557a build/stm32g0xx_hal_tim.o
 .debug_loc     0x0000000000009f74     0x276e build/stm32g0xx_hal_tim_ex.o
 .debug_loc     0x000000000000c6e2     0x4eaf build/stm32g0xx_hal_uart.o
 .debug_loc     0x0000000000011591      0xe93 build/stm32g0xx_hal_uart_ex.o
 .debug_loc     0x0000000000012424       0xc9 build/system_stm32g0xx.o
 .debug_loc     0x00000000000124ed       0xcd build/list.o
 .debug_loc     0x00000000000125ba     0x1eb0 build/tasks.o
 .debug_loc     0x000000000001446a      0x15e build/port.o
 .debug_loc     0x00000000000145c8      0xd42 build/uart_thread.o

.debug_aranges  0x0000000000000000     0x12a0
 .debug_aranges
                0x0000000000000000       0x40 build/main.o
 .debug_aranges
                0x0000000000000040       0x20 build/gpio.o
 .debug_aranges
                0x0000000000000060       0x30 build/app_freertos.o
 .debug_aranges
                0x0000000000000090       0x30 build/crc.o
 .debug_aranges
                0x00000000000000c0       0x20 build/dma.o
 .debug_aranges
                0x00000000000000e0       0x30 build/tim.o
 .debug_aranges
                0x0000000000000110       0x48 build/usart.o
 .debug_aranges
                0x0000000000000158       0x60 build/stm32g0xx_it.o
 .debug_aranges
                0x00000000000001b8       0x20 build/stm32g0xx_hal_msp.o
 .debug_aranges
                0x00000000000001d8       0x30 build/stm32g0xx_hal_timebase_tim.o
 .debug_aranges
                0x0000000000000208       0x60 build/stm32g0xx_hal_crc.o
 .debug_aranges
                0x0000000000000268       0x30 build/stm32g0xx_hal_crc_ex.o
 .debug_aranges
                0x0000000000000298       0x98 build/stm32g0xx_hal_rcc.o
 .debug_aranges
                0x0000000000000330       0x40 build/stm32g0xx_hal_rcc_ex.o
 .debug_aranges
                0x0000000000000370       0x60 build/stm32g0xx_hal_gpio.o
 .debug_aranges
                0x00000000000003d0       0x90 build/stm32g0xx_hal_dma.o
 .debug_aranges
                0x0000000000000460       0xf0 build/stm32g0xx_hal_pwr_ex.o
 .debug_aranges
                0x0000000000000550       0xa0 build/stm32g0xx_hal_cortex.o
 .debug_aranges
                0x00000000000005f0      0x120 build/stm32g0xx_hal.o
 .debug_aranges
                0x0000000000000710      0x3e0 build/stm32g0xx_hal_tim.o
 .debug_aranges
                0x0000000000000af0      0x198 build/stm32g0xx_hal_tim_ex.o
 .debug_aranges
                0x0000000000000c88      0x248 build/stm32g0xx_hal_uart.o
 .debug_aranges
                0x0000000000000ed0       0xa8 build/stm32g0xx_hal_uart_ex.o
 .debug_aranges
                0x0000000000000f78       0x28 build/system_stm32g0xx.o
 .debug_aranges
                0x0000000000000fa0       0x40 build/list.o
 .debug_aranges
                0x0000000000000fe0      0x178 build/tasks.o
 .debug_aranges
                0x0000000000001158       0x88 build/port.o
 .debug_aranges
                0x00000000000011e0       0x98 build/uart_thread.o
 .debug_aranges
                0x0000000000001278       0x28 build/startup_stm32g071xx.o

.debug_ranges   0x0000000000000000     0x12d0
 .debug_ranges  0x0000000000000000       0x30 build/main.o
 .debug_ranges  0x0000000000000030       0x10 build/gpio.o
 .debug_ranges  0x0000000000000040       0x20 build/app_freertos.o
 .debug_ranges  0x0000000000000060       0x20 build/crc.o
 .debug_ranges  0x0000000000000080       0x10 build/dma.o
 .debug_ranges  0x0000000000000090       0x20 build/tim.o
 .debug_ranges  0x00000000000000b0       0x38 build/usart.o
 .debug_ranges  0x00000000000000e8       0x50 build/stm32g0xx_it.o
 .debug_ranges  0x0000000000000138       0x10 build/stm32g0xx_hal_msp.o
 .debug_ranges  0x0000000000000148       0x20 build/stm32g0xx_hal_timebase_tim.o
 .debug_ranges  0x0000000000000168       0x50 build/stm32g0xx_hal_crc.o
 .debug_ranges  0x00000000000001b8       0x20 build/stm32g0xx_hal_crc_ex.o
 .debug_ranges  0x00000000000001d8       0xa8 build/stm32g0xx_hal_rcc.o
 .debug_ranges  0x0000000000000280       0x50 build/stm32g0xx_hal_rcc_ex.o
 .debug_ranges  0x00000000000002d0       0x50 build/stm32g0xx_hal_gpio.o
 .debug_ranges  0x0000000000000320       0x80 build/stm32g0xx_hal_dma.o
 .debug_ranges  0x00000000000003a0       0xe0 build/stm32g0xx_hal_pwr_ex.o
 .debug_ranges  0x0000000000000480       0xf0 build/stm32g0xx_hal_cortex.o
 .debug_ranges  0x0000000000000570      0x110 build/stm32g0xx_hal.o
 .debug_ranges  0x0000000000000680      0x3d0 build/stm32g0xx_hal_tim.o
 .debug_ranges  0x0000000000000a50      0x188 build/stm32g0xx_hal_tim_ex.o
 .debug_ranges  0x0000000000000bd8      0x238 build/stm32g0xx_hal_uart.o
 .debug_ranges  0x0000000000000e10       0xc8 build/stm32g0xx_hal_uart_ex.o
 .debug_ranges  0x0000000000000ed8       0x18 build/system_stm32g0xx.o
 .debug_ranges  0x0000000000000ef0       0x30 build/list.o
 .debug_ranges  0x0000000000000f20      0x240 build/tasks.o
 .debug_ranges  0x0000000000001160       0x78 build/port.o
 .debug_ranges  0x00000000000011d8       0xd8 build/uart_thread.o
 .debug_ranges  0x00000000000012b0       0x20 build/startup_stm32g071xx.o

.debug_line     0x0000000000000000    0x18e37
 .debug_line    0x0000000000000000      0x3a0 build/main.o
 .debug_line    0x00000000000003a0      0x293 build/gpio.o
 .debug_line    0x0000000000000633      0x2fb build/app_freertos.o
 .debug_line    0x000000000000092e      0x24e build/crc.o
 .debug_line    0x0000000000000b7c      0x18b build/dma.o
 .debug_line    0x0000000000000d07      0x319 build/tim.o
 .debug_line    0x0000000000001020      0x7e7 build/usart.o
 .debug_line    0x0000000000001807      0x2b1 build/stm32g0xx_it.o
 .debug_line    0x0000000000001ab8      0x1ae build/stm32g0xx_hal_msp.o
 .debug_line    0x0000000000001c66      0x2f0 build/stm32g0xx_hal_timebase_tim.o
 .debug_line    0x0000000000001f56      0x681 build/stm32g0xx_hal_crc.o
 .debug_line    0x00000000000025d7      0x335 build/stm32g0xx_hal_crc_ex.o
 .debug_line    0x000000000000290c      0xfa5 build/stm32g0xx_hal_rcc.o
 .debug_line    0x00000000000038b1      0xbe1 build/stm32g0xx_hal_rcc_ex.o
 .debug_line    0x0000000000004492      0x7e6 build/stm32g0xx_hal_gpio.o
 .debug_line    0x0000000000004c78      0xc02 build/stm32g0xx_hal_dma.o
 .debug_line    0x000000000000587a      0x832 build/stm32g0xx_hal_pwr_ex.o
 .debug_line    0x00000000000060ac      0x78f build/stm32g0xx_hal_cortex.o
 .debug_line    0x000000000000683b      0x71c build/stm32g0xx_hal.o
 .debug_line    0x0000000000006f57     0x6ad4 build/stm32g0xx_hal_tim.o
 .debug_line    0x000000000000da2b     0x2727 build/stm32g0xx_hal_tim_ex.o
 .debug_line    0x0000000000010152     0x4c92 build/stm32g0xx_hal_uart.o
 .debug_line    0x0000000000014de4      0xdc6 build/stm32g0xx_hal_uart_ex.o
 .debug_line    0x0000000000015baa      0x26d build/system_stm32g0xx.o
 .debug_line    0x0000000000015e17      0x336 build/list.o
 .debug_line    0x000000000001614d     0x1cf7 build/tasks.o
 .debug_line    0x0000000000017e44      0x41c build/port.o
 .debug_line    0x0000000000018260      0xb60 build/uart_thread.o
 .debug_line    0x0000000000018dc0       0x77 build/startup_stm32g071xx.o

.debug_str      0x0000000000000000     0x633b
 .debug_str     0x0000000000000000      0x93a build/main.o
                                        0x9f6 (size before relaxing)
 .debug_str     0x000000000000093a      0x17e build/gpio.o
                                        0x323 (size before relaxing)
 .debug_str     0x0000000000000ab8      0x4ec build/app_freertos.o
                                        0x6ac (size before relaxing)
 .debug_str     0x0000000000000fa4      0x18b build/crc.o
                                        0x43d (size before relaxing)
 .debug_str     0x000000000000112f      0x21d build/dma.o
                                        0x464 (size before relaxing)
 .debug_str     0x000000000000134c      0x297 build/tim.o
                                        0xb0c (size before relaxing)
 .debug_str     0x00000000000015e3      0x392 build/usart.o
                                        0xd3a (size before relaxing)
 .debug_str     0x0000000000001975      0x11c build/stm32g0xx_it.o
                                        0xb3f (size before relaxing)
 .debug_str     0x0000000000001a91       0x4a build/stm32g0xx_hal_msp.o
                                        0x480 (size before relaxing)
 .debug_str     0x0000000000001adb      0x10c build/stm32g0xx_hal_timebase_tim.o
                                        0xbc0 (size before relaxing)
 .debug_str     0x0000000000001be7       0xc8 build/stm32g0xx_hal_crc.o
                                        0x45c (size before relaxing)
 .debug_str     0x0000000000001caf       0xa1 build/stm32g0xx_hal_crc_ex.o
                                        0x402 (size before relaxing)
 .debug_str     0x0000000000001d50      0x308 build/stm32g0xx_hal_rcc.o
                                        0x79f (size before relaxing)
 .debug_str     0x0000000000002058      0x113 build/stm32g0xx_hal_rcc_ex.o
                                        0x62c (size before relaxing)
 .debug_str     0x000000000000216b      0x141 build/stm32g0xx_hal_gpio.o
                                        0x3fa (size before relaxing)
 .debug_str     0x00000000000022ac      0x288 build/stm32g0xx_hal_dma.o
                                        0x76b (size before relaxing)
 .debug_str     0x0000000000002534      0x3ce build/stm32g0xx_hal_pwr_ex.o
                                        0x6a0 (size before relaxing)
 .debug_str     0x0000000000002902      0x34d build/stm32g0xx_hal_cortex.o
                                        0x79e (size before relaxing)
 .debug_str     0x0000000000002c4f      0x37d build/stm32g0xx_hal.o
                                        0x96c (size before relaxing)
 .debug_str     0x0000000000002fcc      0xe58 build/stm32g0xx_hal_tim.o
                                       0x17b0 (size before relaxing)
 .debug_str     0x0000000000003e24      0x666 build/stm32g0xx_hal_tim_ex.o
                                       0x1121 (size before relaxing)
 .debug_str     0x000000000000448a      0x847 build/stm32g0xx_hal_uart.o
                                       0x1144 (size before relaxing)
 .debug_str     0x0000000000004cd1      0x24d build/stm32g0xx_hal_uart_ex.o
                                        0xb2d (size before relaxing)
 .debug_str     0x0000000000004f1e       0x3d build/system_stm32g0xx.o
                                        0x2c3 (size before relaxing)
 .debug_str     0x0000000000004f5b      0x163 build/list.o
                                        0x2bb (size before relaxing)
 .debug_str     0x00000000000050be      0xe67 build/tasks.o
                                       0x11a4 (size before relaxing)
 .debug_str     0x0000000000005f25       0xe4 build/port.o
                                        0x36d (size before relaxing)
 .debug_str     0x0000000000006009      0x30e build/uart_thread.o
                                        0xd75 (size before relaxing)
 .debug_str     0x0000000000006317       0x24 build/startup_stm32g071xx.o
                                         0x34 (size before relaxing)

.comment        0x0000000000000000       0x49
 .comment       0x0000000000000000       0x49 build/main.o
                                         0x4a (size before relaxing)
 .comment       0x0000000000000049       0x4a build/gpio.o
 .comment       0x0000000000000049       0x4a build/app_freertos.o
 .comment       0x0000000000000049       0x4a build/crc.o
 .comment       0x0000000000000049       0x4a build/dma.o
 .comment       0x0000000000000049       0x4a build/tim.o
 .comment       0x0000000000000049       0x4a build/usart.o
 .comment       0x0000000000000049       0x4a build/stm32g0xx_it.o
 .comment       0x0000000000000049       0x4a build/stm32g0xx_hal_msp.o
 .comment       0x0000000000000049       0x4a build/stm32g0xx_hal_timebase_tim.o
 .comment       0x0000000000000049       0x4a build/stm32g0xx_hal_crc.o
 .comment       0x0000000000000049       0x4a build/stm32g0xx_hal_crc_ex.o
 .comment       0x0000000000000049       0x4a build/stm32g0xx_hal_rcc.o
 .comment       0x0000000000000049       0x4a build/stm32g0xx_hal_rcc_ex.o
 .comment       0x0000000000000049       0x4a build/stm32g0xx_hal_gpio.o
 .comment       0x0000000000000049       0x4a build/stm32g0xx_hal_dma.o
 .comment       0x0000000000000049       0x4a build/stm32g0xx_hal_pwr_ex.o
 .comment       0x0000000000000049       0x4a build/stm32g0xx_hal_cortex.o
 .comment       0x0000000000000049       0x4a build/stm32g0xx_hal.o
 .comment       0x0000000000000049       0x4a build/stm32g0xx_hal_tim.o
 .comment       0x0000000000000049       0x4a build/stm32g0xx_hal_tim_ex.o
 .comment       0x0000000000000049       0x4a build/stm32g0xx_hal_uart.o
 .comment       0x0000000000000049       0x4a build/stm32g0xx_hal_uart_ex.o
 .comment       0x0000000000000049       0x4a build/system_stm32g0xx.o
 .comment       0x0000000000000049       0x4a build/list.o
 .comment       0x0000000000000049       0x4a build/tasks.o
 .comment       0x0000000000000049       0x4a build/port.o
 .comment       0x0000000000000049       0x4a build/uart_thread.o

.debug_frame    0x0000000000000000     0x3254
 .debug_frame   0x0000000000000000       0x78 build/main.o
 .debug_frame   0x0000000000000078       0x3c build/gpio.o
 .debug_frame   0x00000000000000b4       0x58 build/app_freertos.o
 .debug_frame   0x000000000000010c       0x4c build/crc.o
 .debug_frame   0x0000000000000158       0x28 build/dma.o
 .debug_frame   0x0000000000000180       0x54 build/tim.o
 .debug_frame   0x00000000000001d4       0xa8 build/usart.o
 .debug_frame   0x000000000000027c       0xd8 build/stm32g0xx_it.o
 .debug_frame   0x0000000000000354       0x28 build/stm32g0xx_hal_msp.o
 .debug_frame   0x000000000000037c       0x4c build/stm32g0xx_hal_timebase_tim.o
 .debug_frame   0x00000000000003c8       0xe4 build/stm32g0xx_hal_crc.o
 .debug_frame   0x00000000000004ac       0x68 build/stm32g0xx_hal_crc_ex.o
 .debug_frame   0x0000000000000514      0x174 build/stm32g0xx_hal_rcc.o
 .debug_frame   0x0000000000000688       0x90 build/stm32g0xx_hal_rcc_ex.o
 .debug_frame   0x0000000000000718      0x104 build/stm32g0xx_hal_gpio.o
 .debug_frame   0x000000000000081c      0x190 build/stm32g0xx_hal_dma.o
 .debug_frame   0x00000000000009ac      0x228 build/stm32g0xx_hal_pwr_ex.o
 .debug_frame   0x0000000000000bd4      0x17c build/stm32g0xx_hal_cortex.o
 .debug_frame   0x0000000000000d50      0x288 build/stm32g0xx_hal.o
 .debug_frame   0x0000000000000fd8      0xbf8 build/stm32g0xx_hal_tim.o
 .debug_frame   0x0000000000001bd0      0x518 build/stm32g0xx_hal_tim_ex.o
 .debug_frame   0x00000000000020e8      0x6fc build/stm32g0xx_hal_uart.o
 .debug_frame   0x00000000000027e4      0x1f0 build/stm32g0xx_hal_uart_ex.o
 .debug_frame   0x00000000000029d4       0x38 build/system_stm32g0xx.o
 .debug_frame   0x0000000000002a0c       0x6c build/list.o
 .debug_frame   0x0000000000002a78      0x440 build/tasks.o
 .debug_frame   0x0000000000002eb8      0x114 build/port.o
 .debug_frame   0x0000000000002fcc      0x1c0 build/uart_thread.o
 .debug_frame   0x000000000000318c       0x2c /home/yiyu/gcc-arm-none-eabi-10.3-2021.10/bin/../lib/gcc/arm-none-eabi/10.3.1/../../../../arm-none-eabi/lib/thumb/v6-m/nofp/libc_nano.a(lib_a-init.o)
 .debug_frame   0x00000000000031b8       0x20 /home/yiyu/gcc-arm-none-eabi-10.3-2021.10/bin/../lib/gcc/arm-none-eabi/10.3.1/../../../../arm-none-eabi/lib/thumb/v6-m/nofp/libc_nano.a(lib_a-memset.o)
 .debug_frame   0x00000000000031d8       0x20 /home/yiyu/gcc-arm-none-eabi-10.3-2021.10/bin/../lib/gcc/arm-none-eabi/10.3.1/thumb/v6-m/nofp/libgcc.a(_udivsi3.o)
 .debug_frame   0x00000000000031f8       0x20 /home/yiyu/gcc-arm-none-eabi-10.3-2021.10/bin/../lib/gcc/arm-none-eabi/10.3.1/thumb/v6-m/nofp/libgcc.a(_divsi3.o)
 .debug_frame   0x0000000000003218       0x3c /home/yiyu/gcc-arm-none-eabi-10.3-2021.10/bin/../lib/gcc/arm-none-eabi/10.3.1/thumb/v6-m/nofp/libgcc.a(_udivmoddi4.o)

Cross Reference Table

Symbol                                            File
ADC1_COMP_IRQHandler                              build/startup_stm32g071xx.o
AHBPrescTable                                     build/system_stm32g0xx.o
                                                  build/stm32g0xx_hal_rcc.o
APBPrescTable                                     build/system_stm32g0xx.o
                                                  build/stm32g0xx_hal_rcc.o
CEC_IRQHandler                                    build/startup_stm32g071xx.o
DMA1_Ch4_7_DMAMUX1_OVR_IRQHandler                 build/stm32g0xx_it.o
DMA1_Channel1_IRQHandler                          build/stm32g0xx_it.o
DMA1_Channel2_3_IRQHandler                        build/stm32g0xx_it.o
Default_Handler                                   build/startup_stm32g071xx.o
EXTI0_1_IRQHandler                                build/startup_stm32g071xx.o
EXTI2_3_IRQHandler                                build/startup_stm32g071xx.o
EXTI4_15_IRQHandler                               build/startup_stm32g071xx.o
Error_Handler                                     build/main.o
                                                  build/usart.o
                                                  build/tim.o
                                                  build/crc.o
FLASH_FlushCaches                                 build/stm32g0xx_hal_flash_ex.o
FLASH_IRQHandler                                  build/startup_stm32g071xx.o
FLASH_PageErase                                   build/stm32g0xx_hal_flash_ex.o
                                                  build/stm32g0xx_hal_flash.o
FLASH_WaitForLastOperation                        build/stm32g0xx_hal_flash.o
                                                  build/stm32g0xx_hal_flash_ex.o
HAL_CRCEx_Input_Data_Reverse                      build/stm32g0xx_hal_crc_ex.o
HAL_CRCEx_Output_Data_Reverse                     build/stm32g0xx_hal_crc_ex.o
HAL_CRCEx_Polynomial_Set                          build/stm32g0xx_hal_crc_ex.o
                                                  build/stm32g0xx_hal_crc.o
HAL_CRC_Accumulate                                build/stm32g0xx_hal_crc.o
HAL_CRC_Calculate                                 build/stm32g0xx_hal_crc.o
HAL_CRC_DeInit                                    build/stm32g0xx_hal_crc.o
HAL_CRC_GetState                                  build/stm32g0xx_hal_crc.o
HAL_CRC_Init                                      build/stm32g0xx_hal_crc.o
                                                  build/crc.o
HAL_CRC_MspDeInit                                 build/crc.o
HAL_CRC_MspInit                                   build/crc.o
HAL_DBGMCU_DisableDBGStandbyMode                  build/stm32g0xx_hal.o
HAL_DBGMCU_DisableDBGStopMode                     build/stm32g0xx_hal.o
HAL_DBGMCU_EnableDBGStandbyMode                   build/stm32g0xx_hal.o
HAL_DBGMCU_EnableDBGStopMode                      build/stm32g0xx_hal.o
HAL_DMAEx_ConfigMuxRequestGenerator               build/stm32g0xx_hal_dma_ex.o
HAL_DMAEx_ConfigMuxSync                           build/stm32g0xx_hal_dma_ex.o
HAL_DMAEx_DisableMuxRequestGenerator              build/stm32g0xx_hal_dma_ex.o
HAL_DMAEx_EnableMuxRequestGenerator               build/stm32g0xx_hal_dma_ex.o
HAL_DMAEx_MUX_IRQHandler                          build/stm32g0xx_hal_dma_ex.o
HAL_DMA_Abort                                     build/stm32g0xx_hal_dma.o
                                                  build/stm32g0xx_hal_uart.o
HAL_DMA_Abort_IT                                  build/stm32g0xx_hal_dma.o
                                                  build/stm32g0xx_hal_uart.o
                                                  build/stm32g0xx_hal_tim_ex.o
                                                  build/stm32g0xx_hal_tim.o
HAL_DMA_DeInit                                    build/stm32g0xx_hal_dma.o
                                                  build/usart.o
HAL_DMA_GetError                                  build/stm32g0xx_hal_dma.o
                                                  build/stm32g0xx_hal_uart.o
HAL_DMA_GetState                                  build/stm32g0xx_hal_dma.o
HAL_DMA_IRQHandler                                build/stm32g0xx_hal_dma.o
                                                  build/stm32g0xx_it.o
HAL_DMA_Init                                      build/stm32g0xx_hal_dma.o
                                                  build/usart.o
HAL_DMA_PollForTransfer                           build/stm32g0xx_hal_dma.o
HAL_DMA_RegisterCallback                          build/stm32g0xx_hal_dma.o
HAL_DMA_Start                                     build/stm32g0xx_hal_dma.o
HAL_DMA_Start_IT                                  build/stm32g0xx_hal_dma.o
                                                  build/stm32g0xx_hal_uart.o
                                                  build/stm32g0xx_hal_tim_ex.o
                                                  build/stm32g0xx_hal_tim.o
HAL_DMA_UnRegisterCallback                        build/stm32g0xx_hal_dma.o
HAL_DeInit                                        build/stm32g0xx_hal.o
HAL_Delay                                         build/stm32g0xx_hal.o
HAL_EXTI_ClearConfigLine                          build/stm32g0xx_hal_exti.o
HAL_EXTI_ClearPending                             build/stm32g0xx_hal_exti.o
HAL_EXTI_GenerateSWI                              build/stm32g0xx_hal_exti.o
HAL_EXTI_GetConfigLine                            build/stm32g0xx_hal_exti.o
HAL_EXTI_GetHandle                                build/stm32g0xx_hal_exti.o
HAL_EXTI_GetPending                               build/stm32g0xx_hal_exti.o
HAL_EXTI_IRQHandler                               build/stm32g0xx_hal_exti.o
HAL_EXTI_RegisterCallback                         build/stm32g0xx_hal_exti.o
HAL_EXTI_SetConfigLine                            build/stm32g0xx_hal_exti.o
HAL_FLASHEx_DisableDebugger                       build/stm32g0xx_hal_flash_ex.o
HAL_FLASHEx_EnableDebugger                        build/stm32g0xx_hal_flash_ex.o
HAL_FLASHEx_EnableSecMemProtection                build/stm32g0xx_hal_flash_ex.o
HAL_FLASHEx_Erase                                 build/stm32g0xx_hal_flash_ex.o
HAL_FLASHEx_Erase_IT                              build/stm32g0xx_hal_flash_ex.o
HAL_FLASHEx_FlashEmptyCheck                       build/stm32g0xx_hal_flash_ex.o
HAL_FLASHEx_ForceFlashEmpty                       build/stm32g0xx_hal_flash_ex.o
HAL_FLASHEx_OBGetConfig                           build/stm32g0xx_hal_flash_ex.o
HAL_FLASHEx_OBProgram                             build/stm32g0xx_hal_flash_ex.o
HAL_FLASH_EndOfOperationCallback                  build/stm32g0xx_hal_flash.o
HAL_FLASH_GetError                                build/stm32g0xx_hal_flash.o
HAL_FLASH_IRQHandler                              build/stm32g0xx_hal_flash.o
HAL_FLASH_Lock                                    build/stm32g0xx_hal_flash.o
HAL_FLASH_OB_Launch                               build/stm32g0xx_hal_flash.o
HAL_FLASH_OB_Lock                                 build/stm32g0xx_hal_flash.o
HAL_FLASH_OB_Unlock                               build/stm32g0xx_hal_flash.o
HAL_FLASH_OperationErrorCallback                  build/stm32g0xx_hal_flash.o
HAL_FLASH_Program                                 build/stm32g0xx_hal_flash.o
HAL_FLASH_Program_IT                              build/stm32g0xx_hal_flash.o
HAL_FLASH_Unlock                                  build/stm32g0xx_hal_flash.o
HAL_GPIO_DeInit                                   build/stm32g0xx_hal_gpio.o
                                                  build/usart.o
HAL_GPIO_EXTI_Falling_Callback                    build/stm32g0xx_hal_gpio.o
HAL_GPIO_EXTI_IRQHandler                          build/stm32g0xx_hal_gpio.o
HAL_GPIO_EXTI_Rising_Callback                     build/stm32g0xx_hal_gpio.o
HAL_GPIO_Init                                     build/stm32g0xx_hal_gpio.o
                                                  build/stm32g0xx_hal_rcc_ex.o
                                                  build/stm32g0xx_hal_rcc.o
                                                  build/usart.o
                                                  build/gpio.o
HAL_GPIO_LockPin                                  build/stm32g0xx_hal_gpio.o
HAL_GPIO_ReadPin                                  build/stm32g0xx_hal_gpio.o
HAL_GPIO_TogglePin                                build/stm32g0xx_hal_gpio.o
                                                  build/lp262_thread.o
                                                  build/main_thread.o
                                                  build/uart_thread.o
                                                  build/app_freertos.o
HAL_GPIO_WritePin                                 build/stm32g0xx_hal_gpio.o
                                                  build/gpio.o
HAL_GetDEVID                                      build/stm32g0xx_hal.o
HAL_GetHalVersion                                 build/stm32g0xx_hal.o
HAL_GetREVID                                      build/stm32g0xx_hal.o
HAL_GetTick                                       build/stm32g0xx_hal.o
                                                  build/stm32g0xx_hal_uart_ex.o
                                                  build/stm32g0xx_hal_uart.o
                                                  build/stm32g0xx_hal_tim_ex.o
                                                  build/stm32g0xx_hal_dma.o
                                                  build/stm32g0xx_hal_flash.o
                                                  build/stm32g0xx_hal_rcc_ex.o
                                                  build/stm32g0xx_hal_rcc.o
HAL_GetTickFreq                                   build/stm32g0xx_hal.o
HAL_GetTickPrio                                   build/stm32g0xx_hal.o
HAL_GetUIDw0                                      build/stm32g0xx_hal.o
HAL_GetUIDw1                                      build/stm32g0xx_hal.o
HAL_GetUIDw2                                      build/stm32g0xx_hal.o
HAL_HalfDuplex_EnableReceiver                     build/stm32g0xx_hal_uart.o
HAL_HalfDuplex_EnableTransmitter                  build/stm32g0xx_hal_uart.o
HAL_HalfDuplex_Init                               build/stm32g0xx_hal_uart.o
HAL_IncTick                                       build/stm32g0xx_hal.o
                                                  build/main.o
HAL_Init                                          build/stm32g0xx_hal.o
                                                  build/main.o
HAL_InitTick                                      build/stm32g0xx_hal_timebase_tim.o
                                                  build/stm32g0xx_hal_rcc.o
HAL_LIN_Init                                      build/stm32g0xx_hal_uart.o
HAL_LIN_SendBreak                                 build/stm32g0xx_hal_uart.o
HAL_MPU_ConfigRegion                              build/stm32g0xx_hal_cortex.o
HAL_MPU_Disable                                   build/stm32g0xx_hal_cortex.o
HAL_MPU_DisableRegion                             build/stm32g0xx_hal_cortex.o
HAL_MPU_Enable                                    build/stm32g0xx_hal_cortex.o
HAL_MPU_EnableRegion                              build/stm32g0xx_hal_cortex.o
HAL_MspDeInit                                     build/stm32g0xx_hal.o
HAL_MspInit                                       build/stm32g0xx_hal_msp.o
HAL_MultiProcessorEx_AddressLength_Set            build/stm32g0xx_hal_uart_ex.o
HAL_MultiProcessor_DisableMuteMode                build/stm32g0xx_hal_uart.o
HAL_MultiProcessor_EnableMuteMode                 build/stm32g0xx_hal_uart.o
HAL_MultiProcessor_EnterMuteMode                  build/stm32g0xx_hal_uart.o
HAL_MultiProcessor_Init                           build/stm32g0xx_hal_uart.o
HAL_NVIC_ClearPendingIRQ                          build/stm32g0xx_hal_cortex.o
HAL_NVIC_DisableIRQ                               build/stm32g0xx_hal_cortex.o
                                                  build/usart.o
HAL_NVIC_EnableIRQ                                build/stm32g0xx_hal_cortex.o
                                                  build/stm32g0xx_hal_timebase_tim.o
                                                  build/usart.o
                                                  build/dma.o
HAL_NVIC_GetPendingIRQ                            build/stm32g0xx_hal_cortex.o
HAL_NVIC_GetPriority                              build/stm32g0xx_hal_cortex.o
HAL_NVIC_SetPendingIRQ                            build/stm32g0xx_hal_cortex.o
HAL_NVIC_SetPriority                              build/stm32g0xx_hal_cortex.o
                                                  build/stm32g0xx_hal.o
                                                  build/stm32g0xx_hal_timebase_tim.o
                                                  build/stm32g0xx_hal_msp.o
                                                  build/usart.o
                                                  build/dma.o
HAL_NVIC_SystemReset                              build/stm32g0xx_hal_cortex.o
HAL_PWREx_ConfigPVD                               build/stm32g0xx_hal_pwr_ex.o
HAL_PWREx_ControlVoltageScaling                   build/stm32g0xx_hal_pwr_ex.o
                                                  build/main.o
HAL_PWREx_DisableBatteryCharging                  build/stm32g0xx_hal_pwr_ex.o
HAL_PWREx_DisableFlashPowerDown                   build/stm32g0xx_hal_pwr_ex.o
HAL_PWREx_DisableGPIOPullDown                     build/stm32g0xx_hal_pwr_ex.o
HAL_PWREx_DisableGPIOPullUp                       build/stm32g0xx_hal_pwr_ex.o
HAL_PWREx_DisableInternalWakeUpLine               build/stm32g0xx_hal_pwr_ex.o
HAL_PWREx_DisableLowPowerRunMode                  build/stm32g0xx_hal_pwr_ex.o
                                                  build/stm32g0xx_hal_pwr.o
HAL_PWREx_DisablePORMonitorSampling               build/stm32g0xx_hal_pwr_ex.o
HAL_PWREx_DisablePVD                              build/stm32g0xx_hal_pwr_ex.o
HAL_PWREx_DisablePullUpPullDownConfig             build/stm32g0xx_hal_pwr_ex.o
HAL_PWREx_DisableSRAMRetention                    build/stm32g0xx_hal_pwr_ex.o
HAL_PWREx_EnableBatteryCharging                   build/stm32g0xx_hal_pwr_ex.o
HAL_PWREx_EnableFlashPowerDown                    build/stm32g0xx_hal_pwr_ex.o
HAL_PWREx_EnableGPIOPullDown                      build/stm32g0xx_hal_pwr_ex.o
HAL_PWREx_EnableGPIOPullUp                        build/stm32g0xx_hal_pwr_ex.o
HAL_PWREx_EnableInternalWakeUpLine                build/stm32g0xx_hal_pwr_ex.o
HAL_PWREx_EnableLowPowerRunMode                   build/stm32g0xx_hal_pwr_ex.o
                                                  build/stm32g0xx_hal_pwr.o
HAL_PWREx_EnablePORMonitorSampling                build/stm32g0xx_hal_pwr_ex.o
HAL_PWREx_EnablePVD                               build/stm32g0xx_hal_pwr_ex.o
HAL_PWREx_EnablePullUpPullDownConfig              build/stm32g0xx_hal_pwr_ex.o
HAL_PWREx_EnableSRAMRetention                     build/stm32g0xx_hal_pwr_ex.o
HAL_PWREx_EnterSHUTDOWNMode                       build/stm32g0xx_hal_pwr_ex.o
HAL_PWREx_GetVoltageRange                         build/stm32g0xx_hal_pwr_ex.o
HAL_PWREx_PVD_Falling_Callback                    build/stm32g0xx_hal_pwr_ex.o
HAL_PWREx_PVD_IRQHandler                          build/stm32g0xx_hal_pwr_ex.o
HAL_PWREx_PVD_Rising_Callback                     build/stm32g0xx_hal_pwr_ex.o
HAL_PWR_DeInit                                    build/stm32g0xx_hal_pwr.o
HAL_PWR_DisableBkUpAccess                         build/stm32g0xx_hal_pwr.o
                                                  build/stm32g0xx_hal_rcc_ex.o
HAL_PWR_DisableSEVOnPend                          build/stm32g0xx_hal_pwr.o
HAL_PWR_DisableSleepOnExit                        build/stm32g0xx_hal_pwr.o
HAL_PWR_DisableWakeUpPin                          build/stm32g0xx_hal_pwr.o
HAL_PWR_EnableBkUpAccess                          build/stm32g0xx_hal_pwr.o
                                                  build/stm32g0xx_hal_rcc_ex.o
HAL_PWR_EnableSEVOnPend                           build/stm32g0xx_hal_pwr.o
HAL_PWR_EnableSleepOnExit                         build/stm32g0xx_hal_pwr.o
HAL_PWR_EnableWakeUpPin                           build/stm32g0xx_hal_pwr.o
HAL_PWR_EnterSLEEPMode                            build/stm32g0xx_hal_pwr.o
HAL_PWR_EnterSTANDBYMode                          build/stm32g0xx_hal_pwr.o
HAL_PWR_EnterSTOPMode                             build/stm32g0xx_hal_pwr.o
HAL_RCCEx_DisableLSCO                             build/stm32g0xx_hal_rcc_ex.o
HAL_RCCEx_EnableLSCO                              build/stm32g0xx_hal_rcc_ex.o
HAL_RCCEx_GetPeriphCLKConfig                      build/stm32g0xx_hal_rcc_ex.o
HAL_RCCEx_GetPeriphCLKFreq                        build/stm32g0xx_hal_rcc_ex.o
HAL_RCCEx_PeriphCLKConfig                         build/stm32g0xx_hal_rcc_ex.o
                                                  build/usart.o
                                                  build/tim.o
HAL_RCC_CSSCallback                               build/stm32g0xx_hal_rcc.o
HAL_RCC_ClockConfig                               build/stm32g0xx_hal_rcc.o
                                                  build/main.o
HAL_RCC_DeInit                                    build/stm32g0xx_hal_rcc.o
HAL_RCC_DisableLSECSS                             build/stm32g0xx_hal_rcc.o
HAL_RCC_EnableCSS                                 build/stm32g0xx_hal_rcc.o
HAL_RCC_EnableLSECSS                              build/stm32g0xx_hal_rcc.o
HAL_RCC_GetClockConfig                            build/stm32g0xx_hal_rcc.o
                                                  build/stm32g0xx_hal_timebase_tim.o
HAL_RCC_GetHCLKFreq                               build/stm32g0xx_hal_rcc.o
HAL_RCC_GetOscConfig                              build/stm32g0xx_hal_rcc.o
HAL_RCC_GetPCLK1Freq                              build/stm32g0xx_hal_rcc.o
                                                  build/stm32g0xx_hal_uart.o
                                                  build/stm32g0xx_hal_rcc_ex.o
                                                  build/stm32g0xx_hal_timebase_tim.o
HAL_RCC_GetResetSource                            build/stm32g0xx_hal_rcc.o
HAL_RCC_GetSysClockFreq                           build/stm32g0xx_hal_rcc.o
                                                  build/stm32g0xx_hal_uart.o
                                                  build/stm32g0xx_hal_rcc_ex.o
HAL_RCC_LSECSSCallback                            build/stm32g0xx_hal_rcc.o
HAL_RCC_MCOConfig                                 build/stm32g0xx_hal_rcc.o
HAL_RCC_NMI_IRQHandler                            build/stm32g0xx_hal_rcc.o
HAL_RCC_OscConfig                                 build/stm32g0xx_hal_rcc.o
                                                  build/main.o
HAL_RS485Ex_Init                                  build/stm32g0xx_hal_uart_ex.o
HAL_ResumeTick                                    build/stm32g0xx_hal_timebase_tim.o
HAL_SYSCFG_DisableIOAnalogSwitchBooster           build/stm32g0xx_hal.o
HAL_SYSCFG_DisableRemap                           build/stm32g0xx_hal.o
HAL_SYSCFG_DisableVREFBUF                         build/stm32g0xx_hal.o
HAL_SYSCFG_EnableIOAnalogSwitchBooster            build/stm32g0xx_hal.o
HAL_SYSCFG_EnableRemap                            build/stm32g0xx_hal.o
HAL_SYSCFG_EnableVREFBUF                          build/stm32g0xx_hal.o
HAL_SYSCFG_StrobeDBattpinsConfig                  build/stm32g0xx_hal.o
                                                  build/stm32g0xx_hal_msp.o
HAL_SYSCFG_VREFBUF_HighImpedanceConfig            build/stm32g0xx_hal.o
HAL_SYSCFG_VREFBUF_TrimmingConfig                 build/stm32g0xx_hal.o
HAL_SYSCFG_VREFBUF_VoltageScalingConfig           build/stm32g0xx_hal.o
HAL_SYSTICK_CLKSourceConfig                       build/stm32g0xx_hal_cortex.o
HAL_SYSTICK_Callback                              build/stm32g0xx_hal_cortex.o
HAL_SYSTICK_Config                                build/stm32g0xx_hal_cortex.o
                                                  build/stm32g0xx_hal.o
HAL_SYSTICK_IRQHandler                            build/stm32g0xx_hal_cortex.o
HAL_SetTickFreq                                   build/stm32g0xx_hal.o
HAL_SuspendTick                                   build/stm32g0xx_hal_timebase_tim.o
HAL_TIMEx_Break2Callback                          build/stm32g0xx_hal_tim_ex.o
                                                  build/stm32g0xx_hal_tim.o
HAL_TIMEx_BreakCallback                           build/stm32g0xx_hal_tim_ex.o
                                                  build/stm32g0xx_hal_tim.o
HAL_TIMEx_CommutCallback                          build/stm32g0xx_hal_tim_ex.o
                                                  build/stm32g0xx_hal_tim.o
HAL_TIMEx_CommutHalfCpltCallback                  build/stm32g0xx_hal_tim_ex.o
HAL_TIMEx_ConfigBreakDeadTime                     build/stm32g0xx_hal_tim_ex.o
HAL_TIMEx_ConfigBreakInput                        build/stm32g0xx_hal_tim_ex.o
HAL_TIMEx_ConfigCommutEvent                       build/stm32g0xx_hal_tim_ex.o
HAL_TIMEx_ConfigCommutEvent_DMA                   build/stm32g0xx_hal_tim_ex.o
HAL_TIMEx_ConfigCommutEvent_IT                    build/stm32g0xx_hal_tim_ex.o
HAL_TIMEx_DisarmBreakInput                        build/stm32g0xx_hal_tim_ex.o
HAL_TIMEx_GetChannelNState                        build/stm32g0xx_hal_tim_ex.o
HAL_TIMEx_GroupChannel5                           build/stm32g0xx_hal_tim_ex.o
HAL_TIMEx_HallSensor_DeInit                       build/stm32g0xx_hal_tim_ex.o
HAL_TIMEx_HallSensor_GetState                     build/stm32g0xx_hal_tim_ex.o
HAL_TIMEx_HallSensor_Init                         build/stm32g0xx_hal_tim_ex.o
HAL_TIMEx_HallSensor_MspDeInit                    build/stm32g0xx_hal_tim_ex.o
HAL_TIMEx_HallSensor_MspInit                      build/stm32g0xx_hal_tim_ex.o
HAL_TIMEx_HallSensor_Start                        build/stm32g0xx_hal_tim_ex.o
HAL_TIMEx_HallSensor_Start_DMA                    build/stm32g0xx_hal_tim_ex.o
HAL_TIMEx_HallSensor_Start_IT                     build/stm32g0xx_hal_tim_ex.o
HAL_TIMEx_HallSensor_Stop                         build/stm32g0xx_hal_tim_ex.o
HAL_TIMEx_HallSensor_Stop_DMA                     build/stm32g0xx_hal_tim_ex.o
HAL_TIMEx_HallSensor_Stop_IT                      build/stm32g0xx_hal_tim_ex.o
HAL_TIMEx_MasterConfigSynchronization             build/stm32g0xx_hal_tim_ex.o
                                                  build/tim.o
HAL_TIMEx_OCN_Start                               build/stm32g0xx_hal_tim_ex.o
HAL_TIMEx_OCN_Start_DMA                           build/stm32g0xx_hal_tim_ex.o
HAL_TIMEx_OCN_Start_IT                            build/stm32g0xx_hal_tim_ex.o
HAL_TIMEx_OCN_Stop                                build/stm32g0xx_hal_tim_ex.o
HAL_TIMEx_OCN_Stop_DMA                            build/stm32g0xx_hal_tim_ex.o
HAL_TIMEx_OCN_Stop_IT                             build/stm32g0xx_hal_tim_ex.o
HAL_TIMEx_OnePulseN_Start                         build/stm32g0xx_hal_tim_ex.o
HAL_TIMEx_OnePulseN_Start_IT                      build/stm32g0xx_hal_tim_ex.o
HAL_TIMEx_OnePulseN_Stop                          build/stm32g0xx_hal_tim_ex.o
HAL_TIMEx_OnePulseN_Stop_IT                       build/stm32g0xx_hal_tim_ex.o
HAL_TIMEx_PWMN_Start                              build/stm32g0xx_hal_tim_ex.o
HAL_TIMEx_PWMN_Start_DMA                          build/stm32g0xx_hal_tim_ex.o
HAL_TIMEx_PWMN_Start_IT                           build/stm32g0xx_hal_tim_ex.o
HAL_TIMEx_PWMN_Stop                               build/stm32g0xx_hal_tim_ex.o
HAL_TIMEx_PWMN_Stop_DMA                           build/stm32g0xx_hal_tim_ex.o
HAL_TIMEx_PWMN_Stop_IT                            build/stm32g0xx_hal_tim_ex.o
HAL_TIMEx_ReArmBreakInput                         build/stm32g0xx_hal_tim_ex.o
HAL_TIMEx_RemapConfig                             build/stm32g0xx_hal_tim_ex.o
HAL_TIMEx_TISelection                             build/stm32g0xx_hal_tim_ex.o
HAL_TIM_Base_DeInit                               build/stm32g0xx_hal_tim.o
HAL_TIM_Base_GetState                             build/stm32g0xx_hal_tim.o
HAL_TIM_Base_Init                                 build/stm32g0xx_hal_tim.o
                                                  build/stm32g0xx_hal_timebase_tim.o
                                                  build/tim.o
HAL_TIM_Base_MspDeInit                            build/tim.o
HAL_TIM_Base_MspInit                              build/tim.o
HAL_TIM_Base_Start                                build/stm32g0xx_hal_tim.o
HAL_TIM_Base_Start_DMA                            build/stm32g0xx_hal_tim.o
HAL_TIM_Base_Start_IT                             build/stm32g0xx_hal_tim.o
                                                  build/stm32g0xx_hal_timebase_tim.o
HAL_TIM_Base_Stop                                 build/stm32g0xx_hal_tim.o
HAL_TIM_Base_Stop_DMA                             build/stm32g0xx_hal_tim.o
HAL_TIM_Base_Stop_IT                              build/stm32g0xx_hal_tim.o
HAL_TIM_ConfigClockSource                         build/stm32g0xx_hal_tim.o
                                                  build/tim.o
HAL_TIM_ConfigOCrefClear                          build/stm32g0xx_hal_tim.o
HAL_TIM_ConfigTI1Input                            build/stm32g0xx_hal_tim.o
HAL_TIM_DMABurstState                             build/stm32g0xx_hal_tim.o
HAL_TIM_DMABurst_MultiReadStart                   build/stm32g0xx_hal_tim.o
HAL_TIM_DMABurst_MultiWriteStart                  build/stm32g0xx_hal_tim.o
HAL_TIM_DMABurst_ReadStart                        build/stm32g0xx_hal_tim.o
HAL_TIM_DMABurst_ReadStop                         build/stm32g0xx_hal_tim.o
HAL_TIM_DMABurst_WriteStart                       build/stm32g0xx_hal_tim.o
HAL_TIM_DMABurst_WriteStop                        build/stm32g0xx_hal_tim.o
HAL_TIM_Encoder_DeInit                            build/stm32g0xx_hal_tim.o
HAL_TIM_Encoder_GetState                          build/stm32g0xx_hal_tim.o
HAL_TIM_Encoder_Init                              build/stm32g0xx_hal_tim.o
HAL_TIM_Encoder_MspDeInit                         build/stm32g0xx_hal_tim.o
HAL_TIM_Encoder_MspInit                           build/stm32g0xx_hal_tim.o
HAL_TIM_Encoder_Start                             build/stm32g0xx_hal_tim.o
HAL_TIM_Encoder_Start_DMA                         build/stm32g0xx_hal_tim.o
HAL_TIM_Encoder_Start_IT                          build/stm32g0xx_hal_tim.o
HAL_TIM_Encoder_Stop                              build/stm32g0xx_hal_tim.o
HAL_TIM_Encoder_Stop_DMA                          build/stm32g0xx_hal_tim.o
HAL_TIM_Encoder_Stop_IT                           build/stm32g0xx_hal_tim.o
HAL_TIM_ErrorCallback                             build/stm32g0xx_hal_tim.o
                                                  build/stm32g0xx_hal_tim_ex.o
HAL_TIM_GenerateEvent                             build/stm32g0xx_hal_tim.o
HAL_TIM_GetActiveChannel                          build/stm32g0xx_hal_tim.o
HAL_TIM_GetChannelState                           build/stm32g0xx_hal_tim.o
HAL_TIM_IC_CaptureCallback                        build/stm32g0xx_hal_tim.o
HAL_TIM_IC_CaptureHalfCpltCallback                build/stm32g0xx_hal_tim.o
HAL_TIM_IC_ConfigChannel                          build/stm32g0xx_hal_tim.o
HAL_TIM_IC_DeInit                                 build/stm32g0xx_hal_tim.o
HAL_TIM_IC_GetState                               build/stm32g0xx_hal_tim.o
HAL_TIM_IC_Init                                   build/stm32g0xx_hal_tim.o
HAL_TIM_IC_MspDeInit                              build/stm32g0xx_hal_tim.o
HAL_TIM_IC_MspInit                                build/stm32g0xx_hal_tim.o
HAL_TIM_IC_Start                                  build/stm32g0xx_hal_tim.o
HAL_TIM_IC_Start_DMA                              build/stm32g0xx_hal_tim.o
HAL_TIM_IC_Start_IT                               build/stm32g0xx_hal_tim.o
HAL_TIM_IC_Stop                                   build/stm32g0xx_hal_tim.o
HAL_TIM_IC_Stop_DMA                               build/stm32g0xx_hal_tim.o
HAL_TIM_IC_Stop_IT                                build/stm32g0xx_hal_tim.o
HAL_TIM_IRQHandler                                build/stm32g0xx_hal_tim.o
                                                  build/stm32g0xx_it.o
HAL_TIM_OC_ConfigChannel                          build/stm32g0xx_hal_tim.o